C:\Users\Juergen\Documents\Projects\Meshtastic\Python-CLI\.venv\Scripts\python.exe -X pycache_prefix=C:\Users\Juergen\AppData\Local\JetBrains\PyCharmCE2025.2\cpython-cache "C:/Program Files/JetBrains/PyCharm Community Edition 2021.3.1/plugins/python-ce/helpers/pydev/pydevd.py" --multiprocess --qt-support=auto --client 127.0.0.1 --port 56978 --file C:\Users\Juergen\Documents\Projects\Meshtastic\Python-CLI\meshtastic\__main__.py -s COM9 --request-telemetry environment --dest !c5db8a75 --debug 
Connected to: <socket.socket fd=832, family=2, type=1, proto=0, laddr=('127.0.0.1', 56979), raddr=('127.0.0.1', 56978)>.
Connected to pydev debugger (build 252.28238.29)
DEBUG file:__main__.py common line:1352 Not logging serial output
DEBUG file:serial_interface.py __init__ line:55 Connecting to COM9
DEBUG file:stream_interface.py __reader line:161 in __reader()
DEBUG file:stream_interface.py _sendToRadioImpl line:124 Sending: TS: 2025-12-08T11:00:23.472612 want_config_id: 1062872642
DEBUG file:stream_interface.py _sendToRadioImpl line:129 sending header:b'\x94\xc3\x00\x06' b:b'\x18\xc2\xcc\xe8\xfa\x03'
DEBUG file:mesh_interface.py _handleFromRadio line:1296 in mesh_interface.py _handleFromRadio() TS: 2025-12-08T11:00:23.612481 fromRadioBytes: b'\x1a*\x08\x88\xd8\xa5\xd9\r@\xf6\x05X\xf8\xeb\x01b\x10\xb8\to\x8e\x97\xc0\x03\xbf\x9e\xb5\x03\xb1\x00U7Wj\theltec-v3'
DEBUG file:mesh_interface.py _handleFromRadio line:1308 Received from radio: my_info {
  my_node_num: 3676924936
  reboot_count: 758
  min_app_version: 30200
  device_id: "\270\to\216\227\300\003\277\236\265\003\261\000U7W"
  pio_env: "heltec-v3"
}

DEBUG file:mesh_interface.py _handleFromRadio line:1312 Received myinfo: my_node_num: 3676924936 reboot_count: 758 min_app_version: 30200 device_id: "\270\to\216\227\300\003\277\236\265\003\261\000U7W" pio_env: "heltec-v3"
DEBUG file:mesh_interface.py _handleFromRadio line:1296 in mesh_interface.py _handleFromRadio() TS: 2025-12-08T11:00:23.616091 fromRadioBytes: b'\x8a\x01\x05\x10\x99\x01\x18\x1e'
DEBUG file:mesh_interface.py _handleFromRadio line:1308 Received from radio: deviceuiConfig {
  screen_brightness: 153
  screen_timeout: 30
}

DEBUG file:mesh_interface.py _handleFromRadio line:1457 Unexpected FromRadio payload
DEBUG file:mesh_interface.py _handleFromRadio line:1296 in mesh_interface.py _handleFromRadio() TS: 2025-12-08T11:00:23.638169 fromRadioBytes: b'"y\x08\x88\xd8\xa5\xd9\r\x12N\n\t!db296c08\x12\x0fMeshtastic 6c08\x1a\x046c08"\x06\x10Q\xdb)l\x08(+B \x9f+\x08H\x9b\x0f\x19\xc4\x9b\x1e\xb7\x89jq\x1a\xcc\xf5u\xe6\xd2\xa7\xa7\xf9c\xfeX\xb6\xfc\x95Hd&\x1a\x05%\xb7\xa16i-\xb7\xa16i2\x13\x08e\x15\x1b/\x89@\x1d\xf6(\x9c@%\x1f\x18\xde<(=P\x01'
DEBUG file:mesh_interface.py _handleFromRadio line:1308 Received from radio: node_info {
  num: 3676924936
  user {
    id: "!db296c08"
    long_name: "Meshtastic 6c08"
    short_name: "6c08"
    macaddr: "\020Q\333)l\010"
    hw_model: HELTEC_V3
    public_key: "\237+\010H\233\017\031\304\233\036\267\211jq\032\314\365u\346\322\247\247\371c\376X\266\374\225Hd&"
  }
  position {
    time: 1765188023
  }
  last_heard: 1765188023
  device_metrics {
    battery_level: 101
    voltage: 4.287
    channel_utilization: 4.88
    air_util_tx: 0.0271111112
    uptime_seconds: 61
  }
  is_favorite: true
}

DEBUG file:mesh_interface.py _handleFromRadio line:1319 Received nodeinfo: {'num': 3676924936, 'user': {'id': '!db296c08', 'longName': 'Meshtastic 6c08', 'shortName': '6c08', 'macaddr': 'EFHbKWwI', 'hwModel': 'HELTEC_V3', 'publicKey': 'nysISJsPGcSbHreJanEazPV15tKnp/lj/li2/JVIZCY='}, 'position': {'time': 1765188023}, 'lastHeard': 1765188023, 'deviceMetrics': {'batteryLevel': 101, 'voltage': 4.287, 'channelUtilization': 4.88, 'airUtilTx': 0.027111111, 'uptimeSeconds': 61}, 'isFavorite': True}
DEBUG file:mesh_interface.py _handleFromRadio line:1296 in mesh_interface.py _handleFromRadio() TS: 2025-12-08T11:00:23.638169 fromRadioBytes: b'j"\n\x0e2.6.11.60ec05e\x10\x18\x18\x01 \x01(\x01@\xab\x06H+X\x01`\x80\n'
DEBUG file:mesh_interface.py _handleFromRadio line:1308 Received from radio: metadata {
  firmware_version: "2.6.11.60ec05e"
  device_state_version: 24
  canShutdown: true
  hasWifi: true
  hasBluetooth: true
  position_flags: 811
  hw_model: HELTEC_V3
  hasPKC: true
  excluded_modules: 1280
}

DEBUG file:mesh_interface.py _handleFromRadio line:1316 Received device metadata: firmware_version: "2.6.11.60ec05e" device_state_version: 24 canShutdown: true hasWifi: true hasBluetooth: true position_flags: 811 hw_model: HELTEC_V3 hasPKC: true excluded_modules: 1280
DEBUG file:mesh_interface.py _handleFromRadio line:1296 in mesh_interface.py _handleFromRadio() TS: 2025-12-08T11:00:23.638169 fromRadioBytes: b'R\x0b\x12\x07\x12\x01\x01:\x02\x08\r\x18\x01'
DEBUG file:mesh_interface.py _handleFromRadio line:1308 Received from radio: channel {
  settings {
    psk: "\001"
    module_settings {
      position_precision: 13
    }
  }
  role: PRIMARY
}

DEBUG file:mesh_interface.py _handleFromRadio line:1296 in mesh_interface.py _handleFromRadio() TS: 2025-12-08T11:00:23.654180 fromRadioBytes: b'R5\x08\x01\x12/\x12 \xdf\xa5\x16\x9509\x865\xc8\x1d\x8c)K\x8a2\x11?4a@\xe1\xe5p\xa1\x05\xbf\x0c\x89\xc2E\x90\xd3\x1a\x03TMD(\x010\x01:\x02\x08\r\x18\x02'
DEBUG file:mesh_interface.py _handleFromRadio line:1308 Received from radio: channel {
  index: 1
  settings {
    psk: "\337\245\026\22509\2065\310\035\214)K\2122\021?4a@\341\345p\241\005\277\014\211\302E\220\323"
    name: "TMD"
    uplink_enabled: true
    downlink_enabled: true
    module_settings {
      position_precision: 13
    }
  }
  role: SECONDARY
}

DEBUG file:mesh_interface.py _handleFromRadio line:1296 in mesh_interface.py _handleFromRadio() TS: 2025-12-08T11:00:23.654180 fromRadioBytes: b'R\x04\x08\x02\x12\x00'
DEBUG file:mesh_interface.py _handleFromRadio line:1308 Received from radio: channel {
  index: 2
  settings {
  }
}

DEBUG file:mesh_interface.py _handleFromRadio line:1296 in mesh_interface.py _handleFromRadio() TS: 2025-12-08T11:00:23.654180 fromRadioBytes: b'R\x04\x08\x03\x12\x00'
DEBUG file:mesh_interface.py _handleFromRadio line:1308 Received from radio: channel {
  index: 3
  settings {
  }
}

DEBUG file:mesh_interface.py _handleFromRadio line:1296 in mesh_interface.py _handleFromRadio() TS: 2025-12-08T11:00:23.654180 fromRadioBytes: b'R\x04\x08\x04\x12\x00'
DEBUG file:mesh_interface.py _handleFromRadio line:1308 Received from radio: channel {
  index: 4
  settings {
  }
}

DEBUG file:mesh_interface.py _handleFromRadio line:1296 in mesh_interface.py _handleFromRadio() TS: 2025-12-08T11:00:23.654180 fromRadioBytes: b'R\x04\x08\x05\x12\x00'
DEBUG file:mesh_interface.py _handleFromRadio line:1308 Received from radio: channel {
  index: 5
  settings {
  }
}

DEBUG file:mesh_interface.py _handleFromRadio line:1296 in mesh_interface.py _handleFromRadio() TS: 2025-12-08T11:00:23.654180 fromRadioBytes: b'R\x04\x08\x06\x12\x00'
DEBUG file:mesh_interface.py _handleFromRadio line:1308 Received from radio: channel {
  index: 6
  settings {
  }
}

DEBUG file:mesh_interface.py _handleFromRadio line:1296 in mesh_interface.py _handleFromRadio() TS: 2025-12-08T11:00:23.654180 fromRadioBytes: b'R\x04\x08\x07\x12\x00'
DEBUG file:mesh_interface.py _handleFromRadio line:1308 Received from radio: channel {
  index: 7
  settings {
  }
}

DEBUG file:mesh_interface.py _handleFromRadio line:1296 in mesh_interface.py _handleFromRadio() TS: 2025-12-08T11:00:23.669896 fromRadioBytes: b'*&\n$\x10\x010\x028\xb0TZ\x19GMT-1GMT,M3.5.0,M10.4.0/3`\x01'
DEBUG file:mesh_interface.py _handleFromRadio line:1308 Received from radio: config {
  device {
    serial_enabled: true
    rebroadcast_mode: LOCAL_ONLY
    node_info_broadcast_secs: 10800
    tzdef: "GMT-1GMT,M3.5.0,M10.4.0/3"
    led_heartbeat_disabled: true
  }
}

DEBUG file:mesh_interface.py _handleFromRadio line:1296 in mesh_interface.py _handleFromRadio() TS: 2025-12-08T11:00:23.685692 fromRadioBytes: b'*\x14\x12\x12\x08\x90\x1c(\x90\x1c0\x84\x078\xab\x06PdX\x1eh\x02'
DEBUG file:mesh_interface.py _handleFromRadio line:1308 Received from radio: config {
  position {
    position_broadcast_secs: 3600
    gps_update_interval: 3600
    gps_attempt_time: 900
    position_flags: 811
    broadcast_smart_minimum_distance: 100
    broadcast_smart_minimum_interval_secs: 30
    gps_mode: NOT_PRESENT
  }
}

DEBUG file:mesh_interface.py _handleFromRadio line:1296 in mesh_interface.py _handleFromRadio() TS: 2025-12-08T11:00:23.685692 fromRadioBytes: b'*\x0f\x1a\r <0\xff\xff\xff\xff\x0f8\xac\x02@\n'
DEBUG file:mesh_interface.py _handleFromRadio line:1308 Received from radio: config {
  power {
    wait_bluetooth_secs: 60
    sds_secs: 4294967295
    ls_secs: 300
    min_wake_secs: 10
  }
}

DEBUG file:mesh_interface.py _handleFromRadio line:1296 in mesh_interface.py _handleFromRadio() TS: 2025-12-08T11:00:23.704177 fromRadioBytes: b'*;"9\x08\x01\x1a\x04ANet"\x14v0o34ieYK4ELf_y-3Gx8*\x17meshtastic.pool.ntp.orgP\x01'
DEBUG file:mesh_interface.py _handleFromRadio line:1308 Received from radio: config {
  network {
    wifi_enabled: true
    wifi_ssid: "ANet"
    wifi_psk: "xxx"
    ntp_server: "meshtastic.pool.ntp.org"
    enabled_protocols: 1
  }
}

DEBUG file:mesh_interface.py _handleFromRadio line:1296 in mesh_interface.py _handleFromRadio() TS: 2025-12-08T11:00:23.711714 fromRadioBytes: b'*\x08*\x06\x08<\x18\x0f@\x02'
DEBUG file:mesh_interface.py _handleFromRadio line:1308 Received from radio: config {
  display {
    screen_on_secs: 60
    auto_screen_carousel_secs: 15
    displaymode: INVERTED
  }
}

DEBUG file:mesh_interface.py _handleFromRadio line:1296 in mesh_interface.py _handleFromRadio() TS: 2025-12-08T11:00:23.719857 fromRadioBytes: b'*\x112\x0f\x08\x018\x03@\x03H\x01P\x1bh\x01\xc0\x06\x01'
DEBUG file:mesh_interface.py _handleFromRadio line:1308 Received from radio: config {
  lora {
    use_preset: true
    region: EU_868
    hop_limit: 3
    tx_enabled: true
    tx_power: 27
    sx126x_rx_boosted_gain: true
    ignore_mqtt: true
  }
}

DEBUG file:mesh_interface.py _handleFromRadio line:1296 in mesh_interface.py _handleFromRadio() TS: 2025-12-08T11:00:23.719857 fromRadioBytes: b'*\x08:\x06\x10\x01\x18\xc0\xc4\x07'
DEBUG file:mesh_interface.py _handleFromRadio line:1308 Received from radio: config {
  bluetooth {
    mode: FIXED_PIN
    fixed_pin: 123456
  }
}

DEBUG file:mesh_interface.py _handleFromRadio line:1296 in mesh_interface.py _handleFromRadio() TS: 2025-12-08T11:00:23.735691 fromRadioBytes: b'*HBF\n \x9f+\x08H\x9b\x0f\x19\xc4\x9b\x1e\xb7\x89jq\x1a\xcc\xf5u\xe6\xd2\xa7\xa7\xf9c\xfeX\xb6\xfc\x95Hd&\x12 @\x1b[ \xb1\xc7\x86\x8a\xb3\xa6.G\xb1>\xba\xfdA\xa1\xa6\xe4\xf8\xdb\xd8\xad\xddE\xb41%O\x11Y(\x01'
DEBUG file:mesh_interface.py _handleFromRadio line:1308 Received from radio: config {
  security {
    public_key: "\237+\010H\233\017\031\304\233\036\267\211jq\032\314\365u\346\322\247\247\371c\376X\266\374\225Hd&"
    private_key: "@\033[ \261\307\206\212\263\246.G\261>\272\375A\241\246\344\370\333\330\255\335E\2641%O\021Y"
    serial_enabled: true
  }
}

DEBUG file:mesh_interface.py _handleFromRadio line:1296 in mesh_interface.py _handleFromRadio() TS: 2025-12-08T11:00:23.751379 fromRadioBytes: b'*\x02J\x00'
DEBUG file:mesh_interface.py _handleFromRadio line:1308 Received from radio: config {
  sessionkey {
  }
}

DEBUG file:mesh_interface.py _handleFromRadio line:1296 in mesh_interface.py _handleFromRadio() TS: 2025-12-08T11:00:23.751379 fromRadioBytes: b'*\x02R\x00'
DEBUG file:mesh_interface.py _handleFromRadio line:1308 Received from radio: config {
  device_ui {
  }
}

DEBUG file:mesh_interface.py _handleFromRadio line:1296 in mesh_interface.py _handleFromRadio() TS: 2025-12-08T11:00:23.767321 fromRadioBytes: b'J:\n8\x12\x13mqtt.meshtastic.org\x1a\x07meshdev"\nlarge4cats(\x01B\nmsh/EU_868'
DEBUG file:mesh_interface.py _handleFromRadio line:1308 Received from radio: moduleConfig {
  mqtt {
    address: "mqtt.meshtastic.org"
    username: "meshdev"
    password: "large4cats"
    encryption_enabled: true
    root: "msh/EU_868"
  }
}

DEBUG file:mesh_interface.py _handleFromRadio line:1296 in mesh_interface.py _handleFromRadio() TS: 2025-12-08T11:00:23.767321 fromRadioBytes: b'J\x02\x12\x00'
DEBUG file:mesh_interface.py _handleFromRadio line:1308 Received from radio: moduleConfig {
  serial {
  }
}

DEBUG file:mesh_interface.py _handleFromRadio line:1296 in mesh_interface.py _handleFromRadio() TS: 2025-12-08T11:00:23.783549 fromRadioBytes: b'J\x02\x1a\x00'
DEBUG file:mesh_interface.py _handleFromRadio line:1308 Received from radio: moduleConfig {
  external_notification {
  }
}

DEBUG file:mesh_interface.py _handleFromRadio line:1296 in mesh_interface.py _handleFromRadio() TS: 2025-12-08T11:00:23.791612 fromRadioBytes: b'J\x02"\x00'
DEBUG file:mesh_interface.py _handleFromRadio line:1308 Received from radio: moduleConfig {
  store_forward {
  }
}

DEBUG file:mesh_interface.py _handleFromRadio line:1296 in mesh_interface.py _handleFromRadio() TS: 2025-12-08T11:00:23.800616 fromRadioBytes: b'J\x02*\x00'
DEBUG file:mesh_interface.py _handleFromRadio line:1308 Received from radio: moduleConfig {
  range_test {
  }
}

DEBUG file:mesh_interface.py _handleFromRadio line:1296 in mesh_interface.py _handleFromRadio() TS: 2025-12-08T11:00:23.808615 fromRadioBytes: b'J\x082\x06\x08\x88\x0e\x10\x88\x0e'
DEBUG file:mesh_interface.py _handleFromRadio line:1308 Received from radio: moduleConfig {
  telemetry {
    device_update_interval: 1800
    environment_update_interval: 1800
  }
}

DEBUG file:mesh_interface.py _handleFromRadio line:1296 in mesh_interface.py _handleFromRadio() TS: 2025-12-08T11:00:23.817803 fromRadioBytes: b'J\x02:\x00'
DEBUG file:mesh_interface.py _handleFromRadio line:1308 Received from radio: moduleConfig {
  canned_message {
  }
}

DEBUG file:mesh_interface.py _handleFromRadio line:1296 in mesh_interface.py _handleFromRadio() TS: 2025-12-08T11:00:23.824800 fromRadioBytes: b'J\x02B\x00'
DEBUG file:mesh_interface.py _handleFromRadio line:1308 Received from radio: moduleConfig {
  audio {
  }
}

DEBUG file:mesh_interface.py _handleFromRadio line:1296 in mesh_interface.py _handleFromRadio() TS: 2025-12-08T11:00:23.828800 fromRadioBytes: b'J\x02J\x00'
DEBUG file:mesh_interface.py _handleFromRadio line:1308 Received from radio: moduleConfig {
  remote_hardware {
  }
}

DEBUG file:mesh_interface.py _handleFromRadio line:1296 in mesh_interface.py _handleFromRadio() TS: 2025-12-08T11:00:23.828800 fromRadioBytes: b'J\x02R\x00'
DEBUG file:mesh_interface.py _handleFromRadio line:1308 Received from radio: moduleConfig {
  neighbor_info {
  }
}

DEBUG file:mesh_interface.py _handleFromRadio line:1296 in mesh_interface.py _handleFromRadio() TS: 2025-12-08T11:00:23.844492 fromRadioBytes: b'J\nZ\x08\x10\n\x18) l(\x08'
DEBUG file:mesh_interface.py _handleFromRadio line:1308 Received from radio: moduleConfig {
  ambient_lighting {
    current: 10
    red: 41
    green: 108
    blue: 8
  }
}

DEBUG file:mesh_interface.py _handleFromRadio line:1296 in mesh_interface.py _handleFromRadio() TS: 2025-12-08T11:00:23.860497 fromRadioBytes: b'J\x06b\x04\x10-8\x01'
DEBUG file:mesh_interface.py _handleFromRadio line:1308 Received from radio: moduleConfig {
  detection_sensor {
    minimum_broadcast_secs: 45
    detection_trigger_type: LOGIC_HIGH
  }
}

DEBUG file:mesh_interface.py _handleFromRadio line:1296 in mesh_interface.py _handleFromRadio() TS: 2025-12-08T11:00:23.860497 fromRadioBytes: b'J\x02j\x00'
DEBUG file:mesh_interface.py _handleFromRadio line:1308 Received from radio: moduleConfig {
  paxcounter {
  }
}

DEBUG file:mesh_interface.py _handleFromRadio line:1296 in mesh_interface.py _handleFromRadio() TS: 2025-12-08T11:00:23.890107 fromRadioBytes: b'")\x08\x85\xd7\xab\xd3\x01%\x00\x00\xd0@-\x90\xa16i2\x15\x08\\\x15\xe5\xd0\x82@\x1d\x14\xae\xbb@%\x99s\x0c?(\xa4\x944H\x00'
DEBUG file:mesh_interface.py _handleFromRadio line:1308 Received from radio: node_info {
  num: 443214725
  snr: 6.5
  last_heard: 1765187984
  device_metrics {
    battery_level: 92
    voltage: 4.088
    channel_utilization: 5.865
    air_util_tx: 0.54863888
    uptime_seconds: 854564
  }
  hops_away: 0
}

DEBUG file:mesh_interface.py _handleFromRadio line:1319 Received nodeinfo: {'num': 443214725, 'snr': 6.5, 'lastHeard': 1765187984, 'deviceMetrics': {'batteryLevel': 92, 'voltage': 4.088, 'channelUtilization': 5.865, 'airUtilTx': 0.5486389, 'uptimeSeconds': 854564}, 'hopsAway': 0}
DEBUG file:mesh_interface.py _handleFromRadio line:1327 Node without position
DEBUG file:mesh_interface.py _handleFromRadio line:1296 in mesh_interface.py _handleFromRadio() TS: 2025-12-08T11:00:23.911822 fromRadioBytes: b'z\x19\n\x15/prefs/channels.proto\x10j'
DEBUG file:mesh_interface.py _handleFromRadio line:1308 Received from radio: fileInfo {
  file_name: "/prefs/channels.proto"
  size_bytes: 106
}

DEBUG file:mesh_interface.py _handleFromRadio line:1457 Unexpected FromRadio payload
DEBUG file:mesh_interface.py _handleFromRadio line:1296 in mesh_interface.py _handleFromRadio() TS: 2025-12-08T11:00:23.940696 fromRadioBytes: b'z\x18\n\x13/prefs/config.proto\x10\xef\x01'
DEBUG file:mesh_interface.py _handleFromRadio line:1308 Received from radio: fileInfo {
  file_name: "/prefs/config.proto"
  size_bytes: 239
}

DEBUG file:mesh_interface.py _handleFromRadio line:1457 Unexpected FromRadio payload
DEBUG file:mesh_interface.py _handleFromRadio line:1296 in mesh_interface.py _handleFromRadio() TS: 2025-12-08T11:00:23.956687 fromRadioBytes: b'z\x17\n\x13/prefs/device.proto\x10~'
DEBUG file:mesh_interface.py _handleFromRadio line:1308 Received from radio: fileInfo {
  file_name: "/prefs/device.proto"
  size_bytes: 126
}

DEBUG file:mesh_interface.py _handleFromRadio line:1457 Unexpected FromRadio payload
DEBUG file:mesh_interface.py _handleFromRadio line:1296 in mesh_interface.py _handleFromRadio() TS: 2025-12-08T11:00:23.972659 fromRadioBytes: b'z\x17\n\x13/prefs/module.proto\x10d'
DEBUG file:mesh_interface.py _handleFromRadio line:1308 Received from radio: fileInfo {
  file_name: "/prefs/module.proto"
  size_bytes: 100
}

DEBUG file:mesh_interface.py _handleFromRadio line:1457 Unexpected FromRadio payload
DEBUG file:mesh_interface.py _handleFromRadio line:1296 in mesh_interface.py _handleFromRadio() TS: 2025-12-08T11:00:23.988439 fromRadioBytes: b'z\x17\n\x12/prefs/nodes.proto\x10\xdd\x03'
DEBUG file:mesh_interface.py _handleFromRadio line:1308 Received from radio: fileInfo {
  file_name: "/prefs/nodes.proto"
  size_bytes: 477
}

DEBUG file:mesh_interface.py _handleFromRadio line:1457 Unexpected FromRadio payload
DEBUG file:mesh_interface.py _handleFromRadio line:1296 in mesh_interface.py _handleFromRadio() TS: 2025-12-08T11:00:24.011690 fromRadioBytes: b'8\xc2\xcc\xe8\xfa\x03'
DEBUG file:mesh_interface.py _handleFromRadio line:1308 Received from radio: config_complete_id: 1062872642

DEBUG file:mesh_interface.py _handleFromRadio line:1342 Config complete ID 1062872642
DEBUG file:mesh_interface.py callback line:1151 Sending heartbeat, interval 300 seconds
DEBUG file:stream_interface.py _sendToRadioImpl line:124 Sending: TS: 2025-12-08T11:00:24.011690 heartbeat { }
DEBUG file:stream_interface.py _sendToRadioImpl line:129 sending header:b'\x94\xc3\x00\x02' b:b':\x00'
Connected to radio
Sending environment_metrics telemetry request to !c5db8a75 on channelIndex:0 (this could take a while)
DEBUG file:__main__.py checkChannel line:107 check channel: settings {
  psk: "\001"
  module_settings {
    position_precision: 13
  }
}
role: PRIMARY

DEBUG file:mesh_interface.py sendData line:544 Serializing protobuf as data: environment_metrics { }
DEBUG file:mesh_interface.py sendData line:547 len(data): 2
DEBUG file:mesh_interface.py sendData line:548 mesh_pb2.Constants.DATA_PAYLOAD_LEN: 233
DEBUG file:mesh_interface.py sendData line:571 Setting a response handler for requestId 1271786526
DEBUG file:mesh_interface.py _sendPacket line:1010 Sending packet: to: 3319499381 decoded { portnum: TELEMETRY_APP payload: "\032\000" want_response: true } id: 1271786526 hop_limit: 3 priority: RELIABLE
DEBUG file:stream_interface.py _sendToRadioImpl line:124 Sending: TS: 2025-12-08T11:00:24.524575 packet { to: 3319499381 decoded { portnum: TELEMETRY_APP payload: "\032\000" want_response: true } id: 1271786526 hop_limit: 3 priority: RELIABLE }
DEBUG file:stream_interface.py _sendToRadioImpl line:129 sending header:b'\x94\xc3\x00\x1a' b:b'\n\x18\x15u\x8a\xdb\xc5"\x08\x08C\x12\x02\x1a\x00\x18\x015\x1e\xec\xcdKH\x03XF'
DEBUG file:mesh_interface.py _handleFromRadio line:1296 in mesh_interface.py _handleFromRadio() TS: 2025-12-08T11:00:25.066593 fromRadioBytes: b'Z\x04\x10\x10\x18\x10'
DEBUG file:mesh_interface.py _handleFromRadio line:1308 Received from radio: queueStatus {
  free: 16
  maxlen: 16
}

DEBUG file:mesh_interface.py _handleQueueStatusFromRadio line:1273 TX QUEUE free 16 of 16, res = 0, id = 00000000 
DEBUG file:mesh_interface.py _handleFromRadio line:1296 in mesh_interface.py _handleFromRadio() TS: 2025-12-08T11:00:25.068597 fromRadioBytes: b'Z\n\x10\x0f\x18\x10 \x92\xdc\xe5\x9f\x05'
DEBUG file:mesh_interface.py _handleFromRadio line:1308 Received from radio: queueStatus {
  free: 15
  maxlen: 16
  mesh_packet_id: 1408855570
}

DEBUG file:mesh_interface.py _handleQueueStatusFromRadio line:1273 TX QUEUE free 15 of 16, res = 0, id = 53f96e12 
DEBUG file:mesh_interface.py _handleQueueStatusFromRadio line:1285 Reply for unexpected packet ID 53f96e12
DEBUG file:mesh_interface.py _handleFromRadio line:1296 in mesh_interface.py _handleFromRadio() TS: 2025-12-08T11:00:25.070601 fromRadioBytes: b'Z\n\x10\x0f\x18\x10 \x93\x84\xc4\xaa\x0c'
DEBUG file:mesh_interface.py _handleFromRadio line:1308 Received from radio: queueStatus {
  free: 15
  maxlen: 16
  mesh_packet_id: 3310420499
}

DEBUG file:mesh_interface.py _handleQueueStatusFromRadio line:1273 TX QUEUE free 15 of 16, res = 0, id = c5510213 
DEBUG file:mesh_interface.py _handleQueueStatusFromRadio line:1285 Reply for unexpected packet ID c5510213
DEBUG file:mesh_interface.py _handleFromRadio line:1296 in mesh_interface.py _handleFromRadio() TS: 2025-12-08T11:00:25.076353 fromRadioBytes: b'\x12?\r\x08l)\xdb\x15\xff\xff\xff\xff" \x08C\x12\x1a\r\x8a\xa16i\x12\x13\x08e\x15\x1b/\x89@\x1d\xf6(\x9c@%\x1f\x18\xde<(=H\x005\x13\x02Q\xc5=\x8a\xa16iH\x03X\nx\x03\x98\x01\x08'
DEBUG file:mesh_interface.py _handleFromRadio line:1308 Received from radio: packet {
  from: 3676924936
  to: 4294967295
  decoded {
    portnum: TELEMETRY_APP
    payload: "\r\212\2416i\022\023\010e\025\033/\211@\035\366(\234@%\037\030\336<(="
    bitfield: 0
  }
  id: 3310420499
  rx_time: 1765187978
  hop_limit: 3
  priority: BACKGROUND
  hop_start: 3
  relay_node: 8
}

DEBUG file:__init__.py _onTelemetryReceive line:202 in _onTelemetryReceive() asDict:{'from': 3676924936, 'to': 4294967295, 'decoded': {'portnum': 'TELEMETRY_APP', 'payload': b'\r\x8a\xa16i\x12\x13\x08e\x15\x1b/\x89@\x1d\xf6(\x9c@%\x1f\x18\xde<(=', 'bitfield': 0, 'telemetry': {'time': 1765187978, 'deviceMetrics': {'batteryLevel': 101, 'voltage': 4.287, 'channelUtilization': 4.88, 'airUtilTx': 0.027111111, 'uptimeSeconds': 61}, 'raw': time: 1765187978
device_metrics {
  battery_level: 101
  voltage: 4.287
  channel_utilization: 4.88
  air_util_tx: 0.0271111112
  uptime_seconds: 61
}
}}, 'id': 3310420499, 'rxTime': 1765187978, 'hopLimit': 3, 'priority': 'BACKGROUND', 'hopStart': 3, 'relayNode': 8, 'raw': from: 3676924936
to: 4294967295
decoded {
  portnum: TELEMETRY_APP
  payload: "\r\212\2416i\022\023\010e\025\033/\211@\035\366(\234@%\037\030\336<(="
  bitfield: 0
}
id: 3310420499
rx_time: 1765187978
hop_limit: 3
priority: BACKGROUND
hop_start: 3
relay_node: 8
, 'fromId': '!db296c08', 'toId': '^all'}
DEBUG file:__init__.py _onTelemetryReceive line:226 updating deviceMetrics metrics for 3676924936 to {'batteryLevel': 101, 'voltage': 4.287, 'channelUtilization': 4.88, 'airUtilTx': 0.027111111, 'uptimeSeconds': 61}
DEBUG file:mesh_interface.py _handlePacketFromRadio line:1639 Publishing meshtastic.receive.telemetry: packet={'from': 3676924936, 'to': 4294967295, 'decoded': {'portnum': 'TELEMETRY_APP', 'payload': b'\r\x8a\xa16i\x12\x13\x08e\x15\x1b/\x89@\x1d\xf6(\x9c@%\x1f\x18\xde<(=', 'bitfield': 0, 'telemetry': {'time': 1765187978, 'deviceMetrics': {'batteryLevel': 101, 'voltage': 4.287, 'channelUtilization': 4.88, 'airUtilTx': 0.027111111, 'uptimeSeconds': 61}, 'raw': time: 1765187978 device_metrics { battery_level: 101 voltage: 4.287 channel_utilization: 4.88 air_util_tx: 0.0271111112 uptime_seconds: 61 } }}, 'id': 3310420499, 'rxTime': 1765187978, 'hopLimit': 3, 'priority': 'BACKGROUND', 'hopStart': 3, 'relayNode': 8, 'raw': from: 3676924936 to: 4294967295 decoded { portnum: TELEMETRY_APP payload: "\r\212\2416i\022\023\010e\025\033/\211@\035\366(\234@%\037\030\336<(=" bitfield: 0 } id: 3310420499 rx_time: 1765187978 hop_limit: 3 priority: BACKGROUND hop_start: 3 relay_node: 8 , 'fromId': '!db296c08', 'toId': '^all'} 
DEBUG file:__main__.py onReceive line:73 in onReceive() d:{'portnum': 'TELEMETRY_APP', 'payload': b'\r\x8a\xa16i\x12\x13\x08e\x15\x1b/\x89@\x1d\xf6(\x9c@%\x1f\x18\xde<(=', 'bitfield': 0, 'telemetry': {'time': 1765187978, 'deviceMetrics': {'batteryLevel': 101, 'voltage': 4.287, 'channelUtilization': 4.88, 'airUtilTx': 0.027111111, 'uptimeSeconds': 61}, 'raw': time: 1765187978
device_metrics {
  battery_level: 101
  voltage: 4.287
  channel_utilization: 4.88
  air_util_tx: 0.0271111112
  uptime_seconds: 61
}
}}
DEBUG file:mesh_interface.py _handleFromRadio line:1296 in mesh_interface.py _handleFromRadio() TS: 2025-12-08T11:00:25.076353 fromRadioBytes: b'\x12P\r\x85\xebj\x1a\x15\xff\xff\xff\xff""\x08C\x12\x1c\r\x80\xa16i\x12\x15\x08\\\x15\xe5\xd0\x82@\x1d\x14\xae\xbb@%\x99s\x0c?(\xa4\x944H\x015\x1e\x17-J=\x90\xa16iE\x00\x00\xd0@H\x03`\xea\xff\xff\xff\xff\xff\xff\xff\xff\x01x\x03\x98\x01\x85\x01'
DEBUG file:mesh_interface.py _handleFromRadio line:1308 Received from radio: packet {
  from: 443214725
  to: 4294967295
  decoded {
    portnum: TELEMETRY_APP
    payload: "\r\200\2416i\022\025\010\\025\345\320\202@\035\024\256\273@%\231s\014?(\244\2244"
    bitfield: 1
  }
  id: 1244469022
  rx_time: 1765187984
  rx_snr: 6.5
  hop_limit: 3
  rx_rssi: -22
  hop_start: 3
  relay_node: 133
}

DEBUG file:__init__.py _onTelemetryReceive line:202 in _onTelemetryReceive() asDict:{'from': 443214725, 'to': 4294967295, 'decoded': {'portnum': 'TELEMETRY_APP', 'payload': b'\r\x80\xa16i\x12\x15\x08\\\x15\xe5\xd0\x82@\x1d\x14\xae\xbb@%\x99s\x0c?(\xa4\x944', 'bitfield': 1, 'telemetry': {'time': 1765187968, 'deviceMetrics': {'batteryLevel': 92, 'voltage': 4.088, 'channelUtilization': 5.865, 'airUtilTx': 0.5486389, 'uptimeSeconds': 854564}, 'raw': time: 1765187968
device_metrics {
  battery_level: 92
  voltage: 4.088
  channel_utilization: 5.865
  air_util_tx: 0.54863888
  uptime_seconds: 854564
}
}}, 'id': 1244469022, 'rxTime': 1765187984, 'rxSnr': 6.5, 'hopLimit': 3, 'rxRssi': -22, 'hopStart': 3, 'relayNode': 133, 'raw': from: 443214725
to: 4294967295
decoded {
  portnum: TELEMETRY_APP
  payload: "\r\200\2416i\022\025\010\\025\345\320\202@\035\024\256\273@%\231s\014?(\244\2244"
  bitfield: 1
}
id: 1244469022
rx_time: 1765187984
rx_snr: 6.5
hop_limit: 3
rx_rssi: -22
hop_start: 3
relay_node: 133
, 'fromId': '!1a6aeb85', 'toId': '^all'}
DEBUG file:__init__.py _onTelemetryReceive line:226 updating deviceMetrics metrics for 443214725 to {'batteryLevel': 92, 'voltage': 4.088, 'channelUtilization': 5.865, 'airUtilTx': 0.5486389, 'uptimeSeconds': 854564}
DEBUG file:mesh_interface.py _handlePacketFromRadio line:1639 Publishing meshtastic.receive.telemetry: packet={'from': 443214725, 'to': 4294967295, 'decoded': {'portnum': 'TELEMETRY_APP', 'payload': b'\r\x80\xa16i\x12\x15\x08\\\x15\xe5\xd0\x82@\x1d\x14\xae\xbb@%\x99s\x0c?(\xa4\x944', 'bitfield': 1, 'telemetry': {'time': 1765187968, 'deviceMetrics': {'batteryLevel': 92, 'voltage': 4.088, 'channelUtilization': 5.865, 'airUtilTx': 0.5486389, 'uptimeSeconds': 854564}, 'raw': time: 1765187968 device_metrics { battery_level: 92 voltage: 4.088 channel_utilization: 5.865 air_util_tx: 0.54863888 uptime_seconds: 854564 } }}, 'id': 1244469022, 'rxTime': 1765187984, 'rxSnr': 6.5, 'hopLimit': 3, 'rxRssi': -22, 'hopStart': 3, 'relayNode': 133, 'raw': from: 443214725 to: 4294967295 decoded { portnum: TELEMETRY_APP payload: "\r\200\2416i\022\025\010\\025\345\320\202@\035\024\256\273@%\231s\014?(\244\2244" bitfield: 1 } id: 1244469022 rx_time: 1765187984 rx_snr: 6.5 hop_limit: 3 rx_rssi: -22 hop_start: 3 relay_node: 133 , 'fromId': '!1a6aeb85', 'toId': '^all'} 
DEBUG file:__main__.py onReceive line:73 in onReceive() d:{'portnum': 'TELEMETRY_APP', 'payload': b'\r\x80\xa16i\x12\x15\x08\\\x15\xe5\xd0\x82@\x1d\x14\xae\xbb@%\x99s\x0c?(\xa4\x944', 'bitfield': 1, 'telemetry': {'time': 1765187968, 'deviceMetrics': {'batteryLevel': 92, 'voltage': 4.088, 'channelUtilization': 5.865, 'airUtilTx': 0.5486389, 'uptimeSeconds': 854564}, 'raw': time: 1765187968
device_metrics {
  battery_level: 92
  voltage: 4.088
  channel_utilization: 5.865
  air_util_tx: 0.54863888
  uptime_seconds: 854564
}
}}
DEBUG file:mesh_interface.py _handleFromRadio line:1296 in mesh_interface.py _handleFromRadio() TS: 2025-12-08T11:00:25.106335 fromRadioBytes: b'Z\n\x10\x0f\x18\x10 \x9e\xd8\xb7\xde\x04'
DEBUG file:mesh_interface.py _handleFromRadio line:1308 Received from radio: queueStatus {
  free: 15
  maxlen: 16
  mesh_packet_id: 1271786526
}

DEBUG file:mesh_interface.py _handleQueueStatusFromRadio line:1273 TX QUEUE free 15 of 16, res = 0, id = 4bcdec1e 
DEBUG file:mesh_interface.py _handleQueueStatusFromRadio line:1285 Reply for unexpected packet ID 4bcdec1e
DEBUG file:mesh_interface.py _sendToRadio line:1249 packet 4bcdec1e got acked under us
DEBUG file:mesh_interface.py _sendToRadio line:1249 packet 53f96e12 got acked under us
DEBUG file:mesh_interface.py _sendToRadio line:1249 packet c5510213 got acked under us
DEBUG file:mesh_interface.py _handleFromRadio line:1296 in mesh_interface.py _handleFromRadio() TS: 2025-12-08T11:00:27.223185 fromRadioBytes: b'\x12J\ru\x8a\xdb\xc5\x15\x08l)\xdb*(\xeab\x87\xcf\xe7=\x18\xaa\x8b/u\xb0\xa6F\xc16z\x8f\x0f\x90\xc4@B\xc2\xe4Q\xeds\x0c\x89\x10!)\x8c\x8c\xa9\xb5\xaa_\x0c5K\x92>\xdb=\xba\xa16iE\x00\x00\xb8@H\x02x\x02\x98\x01u'
DEBUG file:mesh_interface.py _handleFromRadio line:1308 Received from radio: packet {
  from: 3319499381
  to: 3676924936
  encrypted: "\352b\207\317\347=\030\252\213/u\260\246F\3016z\217\017\220\304@B\302\344Q\355s\014\211\020!)\214\214\251\265\252_\014"
  id: 3678310987
  rx_time: 1765188026
  rx_snr: 5.75
  hop_limit: 2
  hop_start: 2
  relay_node: 117
}

DEBUG file:mesh_interface.py _nodeNumToId line:1491 Node 3319499381 not found for fromId
DEBUG file:mesh_interface.py _handlePacketFromRadio line:1639 Publishing meshtastic.receive: packet={'from': 3319499381, 'to': 3676924936, 'encrypted': '6mKHz+c9GKqLL3WwpkbBNnqPD5DEQELC5FHtcwyJECEpjIyptapfDA==', 'id': 3678310987, 'rxTime': 1765188026, 'rxSnr': 5.75, 'hopLimit': 2, 'hopStart': 2, 'relayNode': 117, 'raw': from: 3319499381 to: 3676924936 encrypted: "\352b\207\317\347=\030\252\213/u\260\246F\3016z\217\017\220\304@B\302\344Q\355s\014\211\020!)\214\214\251\265\252_\014" id: 3678310987 rx_time: 1765188026 rx_snr: 5.75 hop_limit: 2 hop_start: 2 relay_node: 117 , 'fromId': None, 'toId': '!db296c08'} 
DEBUG file:__main__.py onReceive line:73 in onReceive() d:None
DEBUG file:mesh_interface.py _handleFromRadio line:1296 in mesh_interface.py _handleFromRadio() TS: 2025-12-08T11:00:39.038852 fromRadioBytes: b'\x128\r\x08l)\xdb\x15\xff\xff\xff\xff"\x1e\x08C\x12\x1a\r\xc6\xa16i\x12\x13\x08e\x15\xfc\xa9\x89@\x1d\x8c%\tA%\xf0\x14\x94=(y5\x14V\xc4\xc5=\xc6\xa16iH\x03X\n'
DEBUG file:mesh_interface.py _handleFromRadio line:1308 Received from radio: packet {
  from: 3676924936
  to: 4294967295
  decoded {
    portnum: TELEMETRY_APP
    payload: "\r\306\2416i\022\023\010e\025\374\251\211@\035\214%\tA%\360\024\224=(y"
  }
  id: 3317978644
  rx_time: 1765188038
  hop_limit: 3
  priority: BACKGROUND
}

DEBUG file:__init__.py _onTelemetryReceive line:202 in _onTelemetryReceive() asDict:{'from': 3676924936, 'to': 4294967295, 'decoded': {'portnum': 'TELEMETRY_APP', 'payload': b'\r\xc6\xa16i\x12\x13\x08e\x15\xfc\xa9\x89@\x1d\x8c%\tA%\xf0\x14\x94=(y', 'telemetry': {'time': 1765188038, 'deviceMetrics': {'batteryLevel': 101, 'voltage': 4.302, 'channelUtilization': 8.571667, 'airUtilTx': 0.07230556, 'uptimeSeconds': 121}, 'raw': time: 1765188038
device_metrics {
  battery_level: 101
  voltage: 4.302
  channel_utilization: 8.57166672
  air_util_tx: 0.0723055601
  uptime_seconds: 121
}
}}, 'id': 3317978644, 'rxTime': 1765188038, 'hopLimit': 3, 'priority': 'BACKGROUND', 'raw': from: 3676924936
to: 4294967295
decoded {
  portnum: TELEMETRY_APP
  payload: "\r\306\2416i\022\023\010e\025\374\251\211@\035\214%\tA%\360\024\224=(y"
}
id: 3317978644
rx_time: 1765188038
hop_limit: 3
priority: BACKGROUND
, 'fromId': '!db296c08', 'toId': '^all'}
DEBUG file:__init__.py _onTelemetryReceive line:226 updating deviceMetrics metrics for 3676924936 to {'batteryLevel': 101, 'voltage': 4.302, 'channelUtilization': 8.571667, 'airUtilTx': 0.07230556, 'uptimeSeconds': 121}
DEBUG file:mesh_interface.py _handlePacketFromRadio line:1639 Publishing meshtastic.receive.telemetry: packet={'from': 3676924936, 'to': 4294967295, 'decoded': {'portnum': 'TELEMETRY_APP', 'payload': b'\r\xc6\xa16i\x12\x13\x08e\x15\xfc\xa9\x89@\x1d\x8c%\tA%\xf0\x14\x94=(y', 'telemetry': {'time': 1765188038, 'deviceMetrics': {'batteryLevel': 101, 'voltage': 4.302, 'channelUtilization': 8.571667, 'airUtilTx': 0.07230556, 'uptimeSeconds': 121}, 'raw': time: 1765188038 device_metrics { battery_level: 101 voltage: 4.302 channel_utilization: 8.57166672 air_util_tx: 0.0723055601 uptime_seconds: 121 } }}, 'id': 3317978644, 'rxTime': 1765188038, 'hopLimit': 3, 'priority': 'BACKGROUND', 'raw': from: 3676924936 to: 4294967295 decoded { portnum: TELEMETRY_APP payload: "\r\306\2416i\022\023\010e\025\374\251\211@\035\214%\tA%\360\024\224=(y" } id: 3317978644 rx_time: 1765188038 hop_limit: 3 priority: BACKGROUND , 'fromId': '!db296c08', 'toId': '^all'} 
DEBUG file:__main__.py onReceive line:73 in onReceive() d:{'portnum': 'TELEMETRY_APP', 'payload': b'\r\xc6\xa16i\x12\x13\x08e\x15\xfc\xa9\x89@\x1d\x8c%\tA%\xf0\x14\x94=(y', 'telemetry': {'time': 1765188038, 'deviceMetrics': {'batteryLevel': 101, 'voltage': 4.302, 'channelUtilization': 8.571667, 'airUtilTx': 0.07230556, 'uptimeSeconds': 121}, 'raw': time: 1765188038
device_metrics {
  battery_level: 101
  voltage: 4.302
  channel_utilization: 8.57166672
  air_util_tx: 0.0723055601
  uptime_seconds: 121
}
}}
DEBUG file:mesh_interface.py _handleFromRadio line:1296 in mesh_interface.py _handleFromRadio() TS: 2025-12-08T11:00:39.055863 fromRadioBytes: b'\x12E\r\x08l)\xdb\x15\xff\xff\xff\xff"+\x08C\x12\'\r\xc6\xa16i2 \x08y\x15\x8c%\tA\x1d\xf0\x14\x94= \x04(\x088\x02@\x02H\x06P\x01`\xe0\xc5\x11h\xe4\xf4\x065\x15*r\x9b=\xc6\xa16iH\x03X\n'
DEBUG file:mesh_interface.py _handleFromRadio line:1308 Received from radio: packet {
  from: 3676924936
  to: 4294967295
  decoded {
    portnum: TELEMETRY_APP
    payload: "\r\306\2416i2 \010y\025\214%\tA\035\360\024\224= \004(\0108\002@\002H\006P\001`\340\305\021h\344\364\006"
  }
  id: 2607950357
  rx_time: 1765188038
  hop_limit: 3
  priority: BACKGROUND
}

DEBUG file:__init__.py _onTelemetryReceive line:202 in _onTelemetryReceive() asDict:{'from': 3676924936, 'to': 4294967295, 'decoded': {'portnum': 'TELEMETRY_APP', 'payload': b'\r\xc6\xa16i2 \x08y\x15\x8c%\tA\x1d\xf0\x14\x94= \x04(\x088\x02@\x02H\x06P\x01`\xe0\xc5\x11h\xe4\xf4\x06', 'telemetry': {'time': 1765188038, 'localStats': {'uptimeSeconds': 121, 'channelUtilization': 8.571667, 'airUtilTx': 0.07230556, 'numPacketsTx': 4, 'numPacketsRx': 8, 'numOnlineNodes': 2, 'numTotalNodes': 2, 'numRxDupe': 6, 'numTxRelay': 1, 'heapTotalBytes': 287456, 'heapFreeBytes': 113252}, 'raw': time: 1765188038
local_stats {
  uptime_seconds: 121
  channel_utilization: 8.57166672
  air_util_tx: 0.0723055601
  num_packets_tx: 4
  num_packets_rx: 8
  num_online_nodes: 2
  num_total_nodes: 2
  num_rx_dupe: 6
  num_tx_relay: 1
  heap_total_bytes: 287456
  heap_free_bytes: 113252
}
}}, 'id': 2607950357, 'rxTime': 1765188038, 'hopLimit': 3, 'priority': 'BACKGROUND', 'raw': from: 3676924936
to: 4294967295
decoded {
  portnum: TELEMETRY_APP
  payload: "\r\306\2416i2 \010y\025\214%\tA\035\360\024\224= \004(\0108\002@\002H\006P\001`\340\305\021h\344\364\006"
}
id: 2607950357
rx_time: 1765188038
hop_limit: 3
priority: BACKGROUND
, 'fromId': '!db296c08', 'toId': '^all'}
DEBUG file:__init__.py _onTelemetryReceive line:226 updating localStats metrics for 3676924936 to {'uptimeSeconds': 121, 'channelUtilization': 8.571667, 'airUtilTx': 0.07230556, 'numPacketsTx': 4, 'numPacketsRx': 8, 'numOnlineNodes': 2, 'numTotalNodes': 2, 'numRxDupe': 6, 'numTxRelay': 1, 'heapTotalBytes': 287456, 'heapFreeBytes': 113252}
DEBUG file:mesh_interface.py _handlePacketFromRadio line:1639 Publishing meshtastic.receive.telemetry: packet={'from': 3676924936, 'to': 4294967295, 'decoded': {'portnum': 'TELEMETRY_APP', 'payload': b'\r\xc6\xa16i2 \x08y\x15\x8c%\tA\x1d\xf0\x14\x94= \x04(\x088\x02@\x02H\x06P\x01`\xe0\xc5\x11h\xe4\xf4\x06', 'telemetry': {'time': 1765188038, 'localStats': {'uptimeSeconds': 121, 'channelUtilization': 8.571667, 'airUtilTx': 0.07230556, 'numPacketsTx': 4, 'numPacketsRx': 8, 'numOnlineNodes': 2, 'numTotalNodes': 2, 'numRxDupe': 6, 'numTxRelay': 1, 'heapTotalBytes': 287456, 'heapFreeBytes': 113252}, 'raw': time: 1765188038 local_stats { uptime_seconds: 121 channel_utilization: 8.57166672 air_util_tx: 0.0723055601 num_packets_tx: 4 num_packets_rx: 8 num_online_nodes: 2 num_total_nodes: 2 num_rx_dupe: 6 num_tx_relay: 1 heap_total_bytes: 287456 heap_free_bytes: 113252 } }}, 'id': 2607950357, 'rxTime': 1765188038, 'hopLimit': 3, 'priority': 'BACKGROUND', 'raw': from: 3676924936 to: 4294967295 decoded { portnum: TELEMETRY_APP payload: "\r\306\2416i2 \010y\025\214%\tA\035\360\024\224= \004(\0108\002@\002H\006P\001`\340\305\021h\344\364\006" } id: 2607950357 rx_time: 1765188038 hop_limit: 3 priority: BACKGROUND , 'fromId': '!db296c08', 'toId': '^all'} 
DEBUG file:__main__.py onReceive line:73 in onReceive() d:{'portnum': 'TELEMETRY_APP', 'payload': b'\r\xc6\xa16i2 \x08y\x15\x8c%\tA\x1d\xf0\x14\x94= \x04(\x088\x02@\x02H\x06P\x01`\xe0\xc5\x11h\xe4\xf4\x06', 'telemetry': {'time': 1765188038, 'localStats': {'uptimeSeconds': 121, 'channelUtilization': 8.571667, 'airUtilTx': 0.07230556, 'numPacketsTx': 4, 'numPacketsRx': 8, 'numOnlineNodes': 2, 'numTotalNodes': 2, 'numRxDupe': 6, 'numTxRelay': 1, 'heapTotalBytes': 287456, 'heapFreeBytes': 113252}, 'raw': time: 1765188038
local_stats {
  uptime_seconds: 121
  channel_utilization: 8.57166672
  air_util_tx: 0.0723055601
  num_packets_tx: 4
  num_packets_rx: 8
  num_online_nodes: 2
  num_total_nodes: 2
  num_rx_dupe: 6
  num_tx_relay: 1
  heap_total_bytes: 287456
  heap_free_bytes: 113252
}
}}
DEBUG file:mesh_interface.py _handleFromRadio line:1296 in mesh_interface.py _handleFromRadio() TS: 2025-12-08T11:01:39.026410 fromRadioBytes: b'\x129\r\x08l)\xdb\x15\xff\xff\xff\xff"\x1f\x08C\x12\x1b\r\x02\xa26i\x12\x14\x08e\x15\x8f\xc2\x89@\x1d\x00\x00\x00\x00%\xf0\x14\x94=(\xb5\x015\x16\x06)\x8c=\x02\xa26iH\x03X\n'
DEBUG file:mesh_interface.py _handleFromRadio line:1308 Received from radio: packet {
  from: 3676924936
  to: 4294967295
  decoded {
    portnum: TELEMETRY_APP
    payload: "\r\002\2426i\022\024\010e\025\217\302\211@\035\000\000\000\000%\360\024\224=(\265\001"
  }
  id: 2351498774
  rx_time: 1765188098
  hop_limit: 3
  priority: BACKGROUND
}

DEBUG file:__init__.py _onTelemetryReceive line:202 in _onTelemetryReceive() asDict:{'from': 3676924936, 'to': 4294967295, 'decoded': {'portnum': 'TELEMETRY_APP', 'payload': b'\r\x02\xa26i\x12\x14\x08e\x15\x8f\xc2\x89@\x1d\x00\x00\x00\x00%\xf0\x14\x94=(\xb5\x01', 'telemetry': {'time': 1765188098, 'deviceMetrics': {'batteryLevel': 101, 'voltage': 4.305, 'channelUtilization': 0.0, 'airUtilTx': 0.07230556, 'uptimeSeconds': 181}, 'raw': time: 1765188098
device_metrics {
  battery_level: 101
  voltage: 4.305
  channel_utilization: 0
  air_util_tx: 0.0723055601
  uptime_seconds: 181
}
}}, 'id': 2351498774, 'rxTime': 1765188098, 'hopLimit': 3, 'priority': 'BACKGROUND', 'raw': from: 3676924936
to: 4294967295
decoded {
  portnum: TELEMETRY_APP
  payload: "\r\002\2426i\022\024\010e\025\217\302\211@\035\000\000\000\000%\360\024\224=(\265\001"
}
id: 2351498774
rx_time: 1765188098
hop_limit: 3
priority: BACKGROUND
, 'fromId': '!db296c08', 'toId': '^all'}
DEBUG file:__init__.py _onTelemetryReceive line:226 updating deviceMetrics metrics for 3676924936 to {'batteryLevel': 101, 'voltage': 4.305, 'channelUtilization': 0.0, 'airUtilTx': 0.07230556, 'uptimeSeconds': 181}
DEBUG file:mesh_interface.py _handlePacketFromRadio line:1639 Publishing meshtastic.receive.telemetry: packet={'from': 3676924936, 'to': 4294967295, 'decoded': {'portnum': 'TELEMETRY_APP', 'payload': b'\r\x02\xa26i\x12\x14\x08e\x15\x8f\xc2\x89@\x1d\x00\x00\x00\x00%\xf0\x14\x94=(\xb5\x01', 'telemetry': {'time': 1765188098, 'deviceMetrics': {'batteryLevel': 101, 'voltage': 4.305, 'channelUtilization': 0.0, 'airUtilTx': 0.07230556, 'uptimeSeconds': 181}, 'raw': time: 1765188098 device_metrics { battery_level: 101 voltage: 4.305 channel_utilization: 0 air_util_tx: 0.0723055601 uptime_seconds: 181 } }}, 'id': 2351498774, 'rxTime': 1765188098, 'hopLimit': 3, 'priority': 'BACKGROUND', 'raw': from: 3676924936 to: 4294967295 decoded { portnum: TELEMETRY_APP payload: "\r\002\2426i\022\024\010e\025\217\302\211@\035\000\000\000\000%\360\024\224=(\265\001" } id: 2351498774 rx_time: 1765188098 hop_limit: 3 priority: BACKGROUND , 'fromId': '!db296c08', 'toId': '^all'} 
DEBUG file:__main__.py onReceive line:73 in onReceive() d:{'portnum': 'TELEMETRY_APP', 'payload': b'\r\x02\xa26i\x12\x14\x08e\x15\x8f\xc2\x89@\x1d\x00\x00\x00\x00%\xf0\x14\x94=(\xb5\x01', 'telemetry': {'time': 1765188098, 'deviceMetrics': {'batteryLevel': 101, 'voltage': 4.305, 'channelUtilization': 0.0, 'airUtilTx': 0.07230556, 'uptimeSeconds': 181}, 'raw': time: 1765188098
device_metrics {
  battery_level: 101
  voltage: 4.305
  channel_utilization: 0
  air_util_tx: 0.0723055601
  uptime_seconds: 181
}
}}
DEBUG file:mesh_interface.py _handleFromRadio line:1296 in mesh_interface.py _handleFromRadio() TS: 2025-12-08T11:02:39.029675 fromRadioBytes: b'\x129\r\x08l)\xdb\x15\xff\xff\xff\xff"\x1f\x08C\x12\x1b\r>\xa26i\x12\x14\x08e\x15\xa2E\x8a@\x1d\x00\x00\x00\x00%\xf0\x14\x94=(\xf1\x015\x17\xbeF\xcb=>\xa26iH\x03X\n'
DEBUG file:mesh_interface.py _handleFromRadio line:1308 Received from radio: packet {
  from: 3676924936
  to: 4294967295
  decoded {
    portnum: TELEMETRY_APP
    payload: "\r>\2426i\022\024\010e\025\242E\212@\035\000\000\000\000%\360\024\224=(\361\001"
  }
  id: 3410411031
  rx_time: 1765188158
  hop_limit: 3
  priority: BACKGROUND
}

DEBUG file:__init__.py _onTelemetryReceive line:202 in _onTelemetryReceive() asDict:{'from': 3676924936, 'to': 4294967295, 'decoded': {'portnum': 'TELEMETRY_APP', 'payload': b'\r>\xa26i\x12\x14\x08e\x15\xa2E\x8a@\x1d\x00\x00\x00\x00%\xf0\x14\x94=(\xf1\x01', 'telemetry': {'time': 1765188158, 'deviceMetrics': {'batteryLevel': 101, 'voltage': 4.321, 'channelUtilization': 0.0, 'airUtilTx': 0.07230556, 'uptimeSeconds': 241}, 'raw': time: 1765188158
device_metrics {
  battery_level: 101
  voltage: 4.321
  channel_utilization: 0
  air_util_tx: 0.0723055601
  uptime_seconds: 241
}
}}, 'id': 3410411031, 'rxTime': 1765188158, 'hopLimit': 3, 'priority': 'BACKGROUND', 'raw': from: 3676924936
to: 4294967295
decoded {
  portnum: TELEMETRY_APP
  payload: "\r>\2426i\022\024\010e\025\242E\212@\035\000\000\000\000%\360\024\224=(\361\001"
}
id: 3410411031
rx_time: 1765188158
hop_limit: 3
priority: BACKGROUND
, 'fromId': '!db296c08', 'toId': '^all'}
DEBUG file:__init__.py _onTelemetryReceive line:226 updating deviceMetrics metrics for 3676924936 to {'batteryLevel': 101, 'voltage': 4.321, 'channelUtilization': 0.0, 'airUtilTx': 0.07230556, 'uptimeSeconds': 241}
DEBUG file:mesh_interface.py _handlePacketFromRadio line:1639 Publishing meshtastic.receive.telemetry: packet={'from': 3676924936, 'to': 4294967295, 'decoded': {'portnum': 'TELEMETRY_APP', 'payload': b'\r>\xa26i\x12\x14\x08e\x15\xa2E\x8a@\x1d\x00\x00\x00\x00%\xf0\x14\x94=(\xf1\x01', 'telemetry': {'time': 1765188158, 'deviceMetrics': {'batteryLevel': 101, 'voltage': 4.321, 'channelUtilization': 0.0, 'airUtilTx': 0.07230556, 'uptimeSeconds': 241}, 'raw': time: 1765188158 device_metrics { battery_level: 101 voltage: 4.321 channel_utilization: 0 air_util_tx: 0.0723055601 uptime_seconds: 241 } }}, 'id': 3410411031, 'rxTime': 1765188158, 'hopLimit': 3, 'priority': 'BACKGROUND', 'raw': from: 3676924936 to: 4294967295 decoded { portnum: TELEMETRY_APP payload: "\r>\2426i\022\024\010e\025\242E\212@\035\000\000\000\000%\360\024\224=(\361\001" } id: 3410411031 rx_time: 1765188158 hop_limit: 3 priority: BACKGROUND , 'fromId': '!db296c08', 'toId': '^all'} 
DEBUG file:__main__.py onReceive line:73 in onReceive() d:{'portnum': 'TELEMETRY_APP', 'payload': b'\r>\xa26i\x12\x14\x08e\x15\xa2E\x8a@\x1d\x00\x00\x00\x00%\xf0\x14\x94=(\xf1\x01', 'telemetry': {'time': 1765188158, 'deviceMetrics': {'batteryLevel': 101, 'voltage': 4.321, 'channelUtilization': 0.0, 'airUtilTx': 0.07230556, 'uptimeSeconds': 241}, 'raw': time: 1765188158
device_metrics {
  battery_level: 101
  voltage: 4.321
  channel_utilization: 0
  air_util_tx: 0.0723055601
  uptime_seconds: 241
}
}}
DEBUG file:mesh_interface.py _handleFromRadio line:1296 in mesh_interface.py _handleFromRadio() TS: 2025-12-08T11:03:39.238521 fromRadioBytes: b'\x129\r\x08l)\xdb\x15\xff\xff\xff\xff"\x1f\x08C\x12\x1b\rz\xa26i\x12\x14\x08e\x15\xd9\xce\x8b@\x1d\x00\x00\x00\x00%\xf0\x14\x94=(\xad\x025\x18\xde{\xc1=z\xa26iH\x03X\n'
DEBUG file:mesh_interface.py _handleFromRadio line:1308 Received from radio: packet {
  from: 3676924936
  to: 4294967295
  decoded {
    portnum: TELEMETRY_APP
    payload: "\rz\2426i\022\024\010e\025\331\316\213@\035\000\000\000\000%\360\024\224=(\255\002"
  }
  id: 3246120472
  rx_time: 1765188218
  hop_limit: 3
  priority: BACKGROUND
}

DEBUG file:__init__.py _onTelemetryReceive line:202 in _onTelemetryReceive() asDict:{'from': 3676924936, 'to': 4294967295, 'decoded': {'portnum': 'TELEMETRY_APP', 'payload': b'\rz\xa26i\x12\x14\x08e\x15\xd9\xce\x8b@\x1d\x00\x00\x00\x00%\xf0\x14\x94=(\xad\x02', 'telemetry': {'time': 1765188218, 'deviceMetrics': {'batteryLevel': 101, 'voltage': 4.369, 'channelUtilization': 0.0, 'airUtilTx': 0.07230556, 'uptimeSeconds': 301}, 'raw': time: 1765188218
device_metrics {
  battery_level: 101
  voltage: 4.369
  channel_utilization: 0
  air_util_tx: 0.0723055601
  uptime_seconds: 301
}
}}, 'id': 3246120472, 'rxTime': 1765188218, 'hopLimit': 3, 'priority': 'BACKGROUND', 'raw': from: 3676924936
to: 4294967295
decoded {
  portnum: TELEMETRY_APP
  payload: "\rz\2426i\022\024\010e\025\331\316\213@\035\000\000\000\000%\360\024\224=(\255\002"
}
id: 3246120472
rx_time: 1765188218
hop_limit: 3
priority: BACKGROUND
, 'fromId': '!db296c08', 'toId': '^all'}
DEBUG file:__init__.py _onTelemetryReceive line:226 updating deviceMetrics metrics for 3676924936 to {'batteryLevel': 101, 'voltage': 4.369, 'channelUtilization': 0.0, 'airUtilTx': 0.07230556, 'uptimeSeconds': 301}
DEBUG file:mesh_interface.py _handlePacketFromRadio line:1639 Publishing meshtastic.receive.telemetry: packet={'from': 3676924936, 'to': 4294967295, 'decoded': {'portnum': 'TELEMETRY_APP', 'payload': b'\rz\xa26i\x12\x14\x08e\x15\xd9\xce\x8b@\x1d\x00\x00\x00\x00%\xf0\x14\x94=(\xad\x02', 'telemetry': {'time': 1765188218, 'deviceMetrics': {'batteryLevel': 101, 'voltage': 4.369, 'channelUtilization': 0.0, 'airUtilTx': 0.07230556, 'uptimeSeconds': 301}, 'raw': time: 1765188218 device_metrics { battery_level: 101 voltage: 4.369 channel_utilization: 0 air_util_tx: 0.0723055601 uptime_seconds: 301 } }}, 'id': 3246120472, 'rxTime': 1765188218, 'hopLimit': 3, 'priority': 'BACKGROUND', 'raw': from: 3676924936 to: 4294967295 decoded { portnum: TELEMETRY_APP payload: "\rz\2426i\022\024\010e\025\331\316\213@\035\000\000\000\000%\360\024\224=(\255\002" } id: 3246120472 rx_time: 1765188218 hop_limit: 3 priority: BACKGROUND , 'fromId': '!db296c08', 'toId': '^all'} 
DEBUG file:__main__.py onReceive line:73 in onReceive() d:{'portnum': 'TELEMETRY_APP', 'payload': b'\rz\xa26i\x12\x14\x08e\x15\xd9\xce\x8b@\x1d\x00\x00\x00\x00%\xf0\x14\x94=(\xad\x02', 'telemetry': {'time': 1765188218, 'deviceMetrics': {'batteryLevel': 101, 'voltage': 4.369, 'channelUtilization': 0.0, 'airUtilTx': 0.07230556, 'uptimeSeconds': 301}, 'raw': time: 1765188218
device_metrics {
  battery_level: 101
  voltage: 4.369
  channel_utilization: 0
  air_util_tx: 0.0723055601
  uptime_seconds: 301
}
}}
DEBUG file:mesh_interface.py _handleFromRadio line:1296 in mesh_interface.py _handleFromRadio() TS: 2025-12-08T11:04:17.962228 fromRadioBytes: b'Z\n\x10\x0e\x18\x10 \x99\xd4\xee\xec\x08'
DEBUG file:mesh_interface.py _handleFromRadio line:1308 Received from radio: queueStatus {
  free: 14
  maxlen: 16
  mesh_packet_id: 2375789081
}

DEBUG file:mesh_interface.py _handleQueueStatusFromRadio line:1273 TX QUEUE free 14 of 16, res = 0, id = 8d9baa19 
DEBUG file:mesh_interface.py _handleQueueStatusFromRadio line:1285 Reply for unexpected packet ID 8d9baa19
DEBUG file:mesh_interface.py _handleFromRadio line:1296 in mesh_interface.py _handleFromRadio() TS: 2025-12-08T11:04:17.993754 fromRadioBytes: b'\x12D\ru\x8a\xdb\xc5\x15\xff\xff\xff\xff""\x08C\x12\x1c\r\x9c\xa26i\x12\x15\x08e\x15;\xdf\x87@\x1d\x00\x00\x00\x00%\xd4,\xaf>(\xbd\xab\x15H\x005LF\x04\xc4=\xa1\xa26iE\x00\x00\xc0@H\x03x\x03\x98\x01u'
DEBUG file:mesh_interface.py _handleFromRadio line:1308 Received from radio: packet {
  from: 3319499381
  to: 4294967295
  decoded {
    portnum: TELEMETRY_APP
    payload: "\r\234\2426i\022\025\010e\025;\337\207@\035\000\000\000\000%\324,\257>(\275\253\025"
    bitfield: 0
  }
  id: 3288614476
  rx_time: 1765188257
  rx_snr: 6
  hop_limit: 3
  hop_start: 3
  relay_node: 117
}

DEBUG file:mesh_interface.py _nodeNumToId line:1491 Node 3319499381 not found for fromId
DEBUG file:__init__.py _onTelemetryReceive line:202 in _onTelemetryReceive() asDict:{'from': 3319499381, 'to': 4294967295, 'decoded': {'portnum': 'TELEMETRY_APP', 'payload': b'\r\x9c\xa26i\x12\x15\x08e\x15;\xdf\x87@\x1d\x00\x00\x00\x00%\xd4,\xaf>(\xbd\xab\x15', 'bitfield': 0, 'telemetry': {'time': 1765188252, 'deviceMetrics': {'batteryLevel': 101, 'voltage': 4.246, 'channelUtilization': 0.0, 'airUtilTx': 0.3421389, 'uptimeSeconds': 349629}, 'raw': time: 1765188252
device_metrics {
  battery_level: 101
  voltage: 4.246
  channel_utilization: 0
  air_util_tx: 0.342138886
  uptime_seconds: 349629
}
}}, 'id': 3288614476, 'rxTime': 1765188257, 'rxSnr': 6.0, 'hopLimit': 3, 'hopStart': 3, 'relayNode': 117, 'raw': from: 3319499381
to: 4294967295
decoded {
  portnum: TELEMETRY_APP
  payload: "\r\234\2426i\022\025\010e\025;\337\207@\035\000\000\000\000%\324,\257>(\275\253\025"
  bitfield: 0
}
id: 3288614476
rx_time: 1765188257
rx_snr: 6
hop_limit: 3
hop_start: 3
relay_node: 117
, 'fromId': None, 'toId': '^all'}
DEBUG file:__init__.py _onTelemetryReceive line:226 updating deviceMetrics metrics for 3319499381 to {'batteryLevel': 101, 'voltage': 4.246, 'channelUtilization': 0.0, 'airUtilTx': 0.3421389, 'uptimeSeconds': 349629}
DEBUG file:mesh_interface.py _handlePacketFromRadio line:1639 Publishing meshtastic.receive.telemetry: packet={'from': 3319499381, 'to': 4294967295, 'decoded': {'portnum': 'TELEMETRY_APP', 'payload': b'\r\x9c\xa26i\x12\x15\x08e\x15;\xdf\x87@\x1d\x00\x00\x00\x00%\xd4,\xaf>(\xbd\xab\x15', 'bitfield': 0, 'telemetry': {'time': 1765188252, 'deviceMetrics': {'batteryLevel': 101, 'voltage': 4.246, 'channelUtilization': 0.0, 'airUtilTx': 0.3421389, 'uptimeSeconds': 349629}, 'raw': time: 1765188252 device_metrics { battery_level: 101 voltage: 4.246 channel_utilization: 0 air_util_tx: 0.342138886 uptime_seconds: 349629 } }}, 'id': 3288614476, 'rxTime': 1765188257, 'rxSnr': 6.0, 'hopLimit': 3, 'hopStart': 3, 'relayNode': 117, 'raw': from: 3319499381 to: 4294967295 decoded { portnum: TELEMETRY_APP payload: "\r\234\2426i\022\025\010e\025;\337\207@\035\000\000\000\000%\324,\257>(\275\253\025" bitfield: 0 } id: 3288614476 rx_time: 1765188257 rx_snr: 6 hop_limit: 3 hop_start: 3 relay_node: 117 , 'fromId': None, 'toId': '^all'} 
DEBUG file:__main__.py onReceive line:73 in onReceive() d:{'portnum': 'TELEMETRY_APP', 'payload': b'\r\x9c\xa26i\x12\x15\x08e\x15;\xdf\x87@\x1d\x00\x00\x00\x00%\xd4,\xaf>(\xbd\xab\x15', 'bitfield': 0, 'telemetry': {'time': 1765188252, 'deviceMetrics': {'batteryLevel': 101, 'voltage': 4.246, 'channelUtilization': 0.0, 'airUtilTx': 0.3421389, 'uptimeSeconds': 349629}, 'raw': time: 1765188252
device_metrics {
  battery_level: 101
  voltage: 4.246
  channel_utilization: 0
  air_util_tx: 0.342138886
  uptime_seconds: 349629
}
}}
DEBUG file:mesh_interface.py _handleFromRadio line:1296 in mesh_interface.py _handleFromRadio() TS: 2025-12-08T11:04:22.006372 fromRadioBytes: b'\x12{\ru\x8a\xdb\xc5\x15\x08l)\xdb"Y\x08\x04\x12N\n\t!c5db8a75\x12\x0fMeshtastic 8a75\x1a\x048a75"\x06\xc6\xb6\xc5\xdb\x8au(\tB \x85\xed\xcav\x83\x96\x18\x00R\x93\x93-\x8c\xd21\x9e\x15\x12\xec\xf4\xe3!\xb8\x87\xe0[\x14iq\x82\rU5\x19\xaa\x9b\x8dH\x005M\xeeq!=\xa5\xa26iE\x00\x00\xb0@H\x02x\x02\x98\x01u'
DEBUG file:mesh_interface.py _handleFromRadio line:1308 Received from radio: packet {
  from: 3319499381
  to: 3676924936
  decoded {
    portnum: NODEINFO_APP
    payload: "\n\t!c5db8a75\022\017Meshtastic 8a75\032\0048a75"\006\306\266\305\333\212u(\tB \205\355\312v\203\226\030\000R\223\223-\214\3221\236\025\022\354\364\343!\270\207\340[\024iq\202\rU"
    request_id: 2375789081
    bitfield: 0
  }
  id: 561114701
  rx_time: 1765188261
  rx_snr: 5.5
  hop_limit: 2
  hop_start: 2
  relay_node: 117
}

DEBUG file:__init__.py _onNodeInfoReceive line:188 in _onNodeInfoReceive() asDict:{'from': 3319499381, 'to': 3676924936, 'decoded': {'portnum': 'NODEINFO_APP', 'payload': b'\n\t!c5db8a75\x12\x0fMeshtastic 8a75\x1a\x048a75"\x06\xc6\xb6\xc5\xdb\x8au(\tB \x85\xed\xcav\x83\x96\x18\x00R\x93\x93-\x8c\xd21\x9e\x15\x12\xec\xf4\xe3!\xb8\x87\xe0[\x14iq\x82\rU', 'requestId': 2375789081, 'bitfield': 0, 'user': {'id': '!c5db8a75', 'longName': 'Meshtastic 8a75', 'shortName': '8a75', 'macaddr': 'xrbF24p1', 'hwModel': 'RAK4631', 'publicKey': 'he3KdoOWGABSk5MtjNIxnhUS7PTjIbiH4FsUaXGCDVU=', 'raw': id: "!c5db8a75"
long_name: "Meshtastic 8a75"
short_name: "8a75"
macaddr: "\306\266\305\333\212u"
hw_model: RAK4631
public_key: "\205\355\312v\203\226\030\000R\223\223-\214\3221\236\025\022\354\364\343!\270\207\340[\024iq\202\rU"
}}, 'id': 561114701, 'rxTime': 1765188261, 'rxSnr': 5.5, 'hopLimit': 2, 'hopStart': 2, 'relayNode': 117, 'raw': from: 3319499381
to: 3676924936
decoded {
  portnum: NODEINFO_APP
  payload: "\n\t!c5db8a75\022\017Meshtastic 8a75\032\0048a75"\006\306\266\305\333\212u(\tB \205\355\312v\203\226\030\000R\223\223-\214\3221\236\025\022\354\364\343!\270\207\340[\024iq\202\rU"
  request_id: 2375789081
  bitfield: 0
}
id: 561114701
rx_time: 1765188261
rx_snr: 5.5
hop_limit: 2
hop_start: 2
relay_node: 117
, 'fromId': '!c5db8a75', 'toId': '!db296c08'}
DEBUG file:mesh_interface.py _handlePacketFromRadio line:1617 Got a response for requestId 2375789081
DEBUG file:mesh_interface.py _handlePacketFromRadio line:1639 Publishing meshtastic.receive.user: packet={'from': 3319499381, 'to': 3676924936, 'decoded': {'portnum': 'NODEINFO_APP', 'payload': b'\n\t!c5db8a75\x12\x0fMeshtastic 8a75\x1a\x048a75"\x06\xc6\xb6\xc5\xdb\x8au(\tB \x85\xed\xcav\x83\x96\x18\x00R\x93\x93-\x8c\xd21\x9e\x15\x12\xec\xf4\xe3!\xb8\x87\xe0[\x14iq\x82\rU', 'requestId': 2375789081, 'bitfield': 0, 'user': {'id': '!c5db8a75', 'longName': 'Meshtastic 8a75', 'shortName': '8a75', 'macaddr': 'xrbF24p1', 'hwModel': 'RAK4631', 'publicKey': 'he3KdoOWGABSk5MtjNIxnhUS7PTjIbiH4FsUaXGCDVU=', 'raw': id: "!c5db8a75" long_name: "Meshtastic 8a75" short_name: "8a75" macaddr: "\306\266\305\333\212u" hw_model: RAK4631 public_key: "\205\355\312v\203\226\030\000R\223\223-\214\3221\236\025\022\354\364\343!\270\207\340[\024iq\202\rU" }}, 'id': 561114701, 'rxTime': 1765188261, 'rxSnr': 5.5, 'hopLimit': 2, 'hopStart': 2, 'relayNode': 117, 'raw': from: 3319499381 to: 3676924936 decoded { portnum: NODEINFO_APP payload: "\n\t!c5db8a75\022\017Meshtastic 8a75\032\0048a75"\006\306\266\305\333\212u(\tB \205\355\312v\203\226\030\000R\223\223-\214\3221\236\025\022\354\364\343!\270\207\340[\024iq\202\rU" request_id: 2375789081 bitfield: 0 } id: 561114701 rx_time: 1765188261 rx_snr: 5.5 hop_limit: 2 hop_start: 2 relay_node: 117 , 'fromId': '!c5db8a75', 'toId': '!db296c08'} 
DEBUG file:__main__.py onReceive line:73 in onReceive() d:{'portnum': 'NODEINFO_APP', 'payload': b'\n\t!c5db8a75\x12\x0fMeshtastic 8a75\x1a\x048a75"\x06\xc6\xb6\xc5\xdb\x8au(\tB \x85\xed\xcav\x83\x96\x18\x00R\x93\x93-\x8c\xd21\x9e\x15\x12\xec\xf4\xe3!\xb8\x87\xe0[\x14iq\x82\rU', 'requestId': 2375789081, 'bitfield': 0, 'user': {'id': '!c5db8a75', 'longName': 'Meshtastic 8a75', 'shortName': '8a75', 'macaddr': 'xrbF24p1', 'hwModel': 'RAK4631', 'publicKey': 'he3KdoOWGABSk5MtjNIxnhUS7PTjIbiH4FsUaXGCDVU=', 'raw': id: "!c5db8a75"
long_name: "Meshtastic 8a75"
short_name: "8a75"
macaddr: "\306\266\305\333\212u"
hw_model: RAK4631
public_key: "\205\355\312v\203\226\030\000R\223\223-\214\3221\236\025\022\354\364\343!\270\207\340[\024iq\202\rU"
}}
DEBUG file:mesh_interface.py _handleFromRadio line:1296 in mesh_interface.py _handleFromRadio() TS: 2025-12-08T11:04:39.106424 fromRadioBytes: b'\x129\r\x08l)\xdb\x15\xff\xff\xff\xff"\x1f\x08C\x12\x1b\r\xb6\xa26i\x12\x14\x08e\x15\xf2\xd2\x89@\x1d)\\\x01A%0)\xef=(\xe9\x025\x1a\xc2\xbe\xdf=\xb6\xa26iH\x03X\n'
DEBUG file:mesh_interface.py _handleFromRadio line:1308 Received from radio: packet {
  from: 3676924936
  to: 4294967295
  decoded {
    portnum: TELEMETRY_APP
    payload: "\r\266\2426i\022\024\010e\025\362\322\211@\035)\\001A%0)\357=(\351\002"
  }
  id: 3753820698
  rx_time: 1765188278
  hop_limit: 3
  priority: BACKGROUND
}

DEBUG file:__init__.py _onTelemetryReceive line:202 in _onTelemetryReceive() asDict:{'from': 3676924936, 'to': 4294967295, 'decoded': {'portnum': 'TELEMETRY_APP', 'payload': b'\r\xb6\xa26i\x12\x14\x08e\x15\xf2\xd2\x89@\x1d)\\\x01A%0)\xef=(\xe9\x02', 'telemetry': {'time': 1765188278, 'deviceMetrics': {'batteryLevel': 101, 'voltage': 4.307, 'channelUtilization': 8.085, 'airUtilTx': 0.11677778, 'uptimeSeconds': 361}, 'raw': time: 1765188278
device_metrics {
  battery_level: 101
  voltage: 4.307
  channel_utilization: 8.085
  air_util_tx: 0.116777778
  uptime_seconds: 361
}
}}, 'id': 3753820698, 'rxTime': 1765188278, 'hopLimit': 3, 'priority': 'BACKGROUND', 'raw': from: 3676924936
to: 4294967295
decoded {
  portnum: TELEMETRY_APP
  payload: "\r\266\2426i\022\024\010e\025\362\322\211@\035)\\001A%0)\357=(\351\002"
}
id: 3753820698
rx_time: 1765188278
hop_limit: 3
priority: BACKGROUND
, 'fromId': '!db296c08', 'toId': '^all'}
DEBUG file:__init__.py _onTelemetryReceive line:226 updating deviceMetrics metrics for 3676924936 to {'batteryLevel': 101, 'voltage': 4.307, 'channelUtilization': 8.085, 'airUtilTx': 0.11677778, 'uptimeSeconds': 361}
DEBUG file:mesh_interface.py _handlePacketFromRadio line:1639 Publishing meshtastic.receive.telemetry: packet={'from': 3676924936, 'to': 4294967295, 'decoded': {'portnum': 'TELEMETRY_APP', 'payload': b'\r\xb6\xa26i\x12\x14\x08e\x15\xf2\xd2\x89@\x1d)\\\x01A%0)\xef=(\xe9\x02', 'telemetry': {'time': 1765188278, 'deviceMetrics': {'batteryLevel': 101, 'voltage': 4.307, 'channelUtilization': 8.085, 'airUtilTx': 0.11677778, 'uptimeSeconds': 361}, 'raw': time: 1765188278 device_metrics { battery_level: 101 voltage: 4.307 channel_utilization: 8.085 air_util_tx: 0.116777778 uptime_seconds: 361 } }}, 'id': 3753820698, 'rxTime': 1765188278, 'hopLimit': 3, 'priority': 'BACKGROUND', 'raw': from: 3676924936 to: 4294967295 decoded { portnum: TELEMETRY_APP payload: "\r\266\2426i\022\024\010e\025\362\322\211@\035)\\001A%0)\357=(\351\002" } id: 3753820698 rx_time: 1765188278 hop_limit: 3 priority: BACKGROUND , 'fromId': '!db296c08', 'toId': '^all'} 
DEBUG file:__main__.py onReceive line:73 in onReceive() d:{'portnum': 'TELEMETRY_APP', 'payload': b'\r\xb6\xa26i\x12\x14\x08e\x15\xf2\xd2\x89@\x1d)\\\x01A%0)\xef=(\xe9\x02', 'telemetry': {'time': 1765188278, 'deviceMetrics': {'batteryLevel': 101, 'voltage': 4.307, 'channelUtilization': 8.085, 'airUtilTx': 0.11677778, 'uptimeSeconds': 361}, 'raw': time: 1765188278
device_metrics {
  battery_level: 101
  voltage: 4.307
  channel_utilization: 8.085
  air_util_tx: 0.116777778
  uptime_seconds: 361
}
}}
DEBUG file:mesh_interface.py _handleFromRadio line:1296 in mesh_interface.py _handleFromRadio() TS: 2025-12-08T11:04:48.699962 fromRadioBytes: b'\x129\ru\x8a\xdb\xc5\x15\xff\xff\xff\xff"\x17\x08C\x12\x11\r\xbb\xa26i\x1a\n\r\x14\xae\xbdA\x1d\xc5\x80rDH\x005N\xb2?\x9f=\xc0\xa26iE\x00\x00\xc0@H\x03x\x03\x98\x01u'
DEBUG file:mesh_interface.py _handleFromRadio line:1308 Received from radio: packet {
  from: 3319499381
  to: 4294967295
  decoded {
    portnum: TELEMETRY_APP
    payload: "\r\273\2426i\032\n\r\024\256\275A\035\305\200rD"
    bitfield: 0
  }
  id: 2671751758
  rx_time: 1765188288
  rx_snr: 6
  hop_limit: 3
  hop_start: 3
  relay_node: 117
}

DEBUG file:__init__.py _onTelemetryReceive line:202 in _onTelemetryReceive() asDict:{'from': 3319499381, 'to': 4294967295, 'decoded': {'portnum': 'TELEMETRY_APP', 'payload': b'\r\xbb\xa26i\x1a\n\r\x14\xae\xbdA\x1d\xc5\x80rD', 'bitfield': 0, 'telemetry': {'time': 1765188283, 'environmentMetrics': {'temperature': 23.71, 'barometricPressure': 970.012}, 'raw': time: 1765188283
environment_metrics {
  temperature: 23.71
  barometric_pressure: 970.012
}
}}, 'id': 2671751758, 'rxTime': 1765188288, 'rxSnr': 6.0, 'hopLimit': 3, 'hopStart': 3, 'relayNode': 117, 'raw': from: 3319499381
to: 4294967295
decoded {
  portnum: TELEMETRY_APP
  payload: "\r\273\2426i\032\n\r\024\256\275A\035\305\200rD"
  bitfield: 0
}
id: 2671751758
rx_time: 1765188288
rx_snr: 6
hop_limit: 3
hop_start: 3
relay_node: 117
, 'fromId': '!c5db8a75', 'toId': '^all'}
DEBUG file:__init__.py _onTelemetryReceive line:226 updating environmentMetrics metrics for 3319499381 to {'temperature': 23.71, 'barometricPressure': 970.012}
DEBUG file:mesh_interface.py _handlePacketFromRadio line:1639 Publishing meshtastic.receive.telemetry: packet={'from': 3319499381, 'to': 4294967295, 'decoded': {'portnum': 'TELEMETRY_APP', 'payload': b'\r\xbb\xa26i\x1a\n\r\x14\xae\xbdA\x1d\xc5\x80rD', 'bitfield': 0, 'telemetry': {'time': 1765188283, 'environmentMetrics': {'temperature': 23.71, 'barometricPressure': 970.012}, 'raw': time: 1765188283 environment_metrics { temperature: 23.71 barometric_pressure: 970.012 } }}, 'id': 2671751758, 'rxTime': 1765188288, 'rxSnr': 6.0, 'hopLimit': 3, 'hopStart': 3, 'relayNode': 117, 'raw': from: 3319499381 to: 4294967295 decoded { portnum: TELEMETRY_APP payload: "\r\273\2426i\032\n\r\024\256\275A\035\305\200rD" bitfield: 0 } id: 2671751758 rx_time: 1765188288 rx_snr: 6 hop_limit: 3 hop_start: 3 relay_node: 117 , 'fromId': '!c5db8a75', 'toId': '^all'} 
DEBUG file:__main__.py onReceive line:73 in onReceive() d:{'portnum': 'TELEMETRY_APP', 'payload': b'\r\xbb\xa26i\x1a\n\r\x14\xae\xbdA\x1d\xc5\x80rD', 'bitfield': 0, 'telemetry': {'time': 1765188283, 'environmentMetrics': {'temperature': 23.71, 'barometricPressure': 970.012}, 'raw': time: 1765188283
environment_metrics {
  temperature: 23.71
  barometric_pressure: 970.012
}
}}
DEBUG file:mesh_interface.py callback line:1151 Sending heartbeat, interval 300 seconds
DEBUG file:stream_interface.py _sendToRadioImpl line:124 Sending: TS: 2025-12-08T11:05:24.026679 heartbeat { }
DEBUG file:stream_interface.py _sendToRadioImpl line:129 sending header:b'\x94\xc3\x00\x02' b:b':\x00'
DEBUG file:mesh_interface.py _sendToRadio line:1249 packet 8d9baa19 got acked under us
Aborting due to: Timed out waiting for telemetry
DEBUG file:serial_interface.py close line:102 Closing Serial stream
DEBUG file:stream_interface.py close line:134 Closing stream
DEBUG file:stream_interface.py _sendToRadioImpl line:124 Sending: TS: 2025-12-08T11:05:25.876743 disconnect: true
DEBUG file:stream_interface.py _sendToRadioImpl line:129 sending header:b'\x94\xc3\x00\x02' b:b' \x01'
DEBUG file:stream_interface.py __reader line:232 reader is exiting
DEBUG file:stream_interface.py _disconnected line:95 Closing our port

Process finished with exit code 1
