C:\Users\Juergen\Documents\Projects\Meshtastic\Python-CLI\.venv\Scripts\python.exe -X pycache_prefix=C:\Users\Juergen\AppData\Local\JetBrains\PyCharmCE2025.2\cpython-cache "C:/Program Files/JetBrains/PyCharm Community Edition 2021.3.1/plugins/python-ce/helpers/pydev/pydevd.py" --multiprocess --qt-support=auto --client 127.0.0.1 --port 57659 --file C:\Users\Juergen\Documents\Projects\Meshtastic\Python-CLI\meshtastic\__main__.py -s COM9 --request-telemetry environment --dest !c5db8a75 --debug 
Connected to: <socket.socket fd=844, family=2, type=1, proto=0, laddr=('127.0.0.1', 57660), raddr=('127.0.0.1', 57659)>.
Connected to pydev debugger (build 252.28238.29)
DEBUG file:__main__.py common line:1352 Not logging serial output
DEBUG file:serial_interface.py __init__ line:55 Connecting to COM9
DEBUG file:stream_interface.py __reader line:161 in __reader()
DEBUG file:stream_interface.py _sendToRadioImpl line:124 Sending: TS: 2025-12-08T11:07:26.234398 want_config_id: 4083394408
DEBUG file:stream_interface.py _sendToRadioImpl line:129 sending header:b'\x94\xc3\x00\x06' b:b'\x18\xe8\xce\x8e\x9b\x0f'
DEBUG file:mesh_interface.py _handleFromRadio line:1296 in mesh_interface.py _handleFromRadio() TS: 2025-12-08T11:07:26.328891 fromRadioBytes: b'\x1a*\x08\x88\xd8\xa5\xd9\r@\xf7\x05X\xf8\xeb\x01b\x10\xb8\to\x8e\x97\xc0\x03\xbf\x9e\xb5\x03\xb1\x00U7Wj\theltec-v3'
DEBUG file:mesh_interface.py _handleFromRadio line:1308 Received from radio: my_info {
  my_node_num: 3676924936
  reboot_count: 759
  min_app_version: 30200
  device_id: "\270\to\216\227\300\003\277\236\265\003\261\000U7W"
  pio_env: "heltec-v3"
}

DEBUG file:mesh_interface.py _handleFromRadio line:1312 Received myinfo: my_node_num: 3676924936 reboot_count: 759 min_app_version: 30200 device_id: "\270\to\216\227\300\003\277\236\265\003\261\000U7W" pio_env: "heltec-v3"
DEBUG file:mesh_interface.py _handleFromRadio line:1296 in mesh_interface.py _handleFromRadio() TS: 2025-12-08T11:07:26.336879 fromRadioBytes: b'\x8a\x01\x05\x10\x99\x01\x18\x1e'
DEBUG file:mesh_interface.py _handleFromRadio line:1308 Received from radio: deviceuiConfig {
  screen_brightness: 153
  screen_timeout: 30
}

DEBUG file:mesh_interface.py _handleFromRadio line:1457 Unexpected FromRadio payload
DEBUG file:mesh_interface.py _handleFromRadio line:1296 in mesh_interface.py _handleFromRadio() TS: 2025-12-08T11:07:26.354577 fromRadioBytes: b'"y\x08\x88\xd8\xa5\xd9\r\x12N\n\t!db296c08\x12\x0fMeshtastic 6c08\x1a\x046c08"\x06\x10Q\xdb)l\x08(+B \x9f+\x08H\x9b\x0f\x19\xc4\x9b\x1e\xb7\x89jq\x1a\xcc\xf5u\xe6\xd2\xa7\xa7\xf9c\xfeX\xb6\xfc\x95Hd&\x1a\x05%]\xa36i-]\xa36i2\x13\x08e\x15!\xb0\x8a@\x1d\xf6(\x9c@%\x1f\x18\xde<(=P\x01'
DEBUG file:mesh_interface.py _handleFromRadio line:1308 Received from radio: node_info {
  num: 3676924936
  user {
    id: "!db296c08"
    long_name: "Meshtastic 6c08"
    short_name: "6c08"
    macaddr: "\020Q\333)l\010"
    hw_model: HELTEC_V3
    public_key: "\237+\010H\233\017\031\304\233\036\267\211jq\032\314\365u\346\322\247\247\371c\376X\266\374\225Hd&"
  }
  position {
    time: 1765188445
  }
  last_heard: 1765188445
  device_metrics {
    battery_level: 101
    voltage: 4.334
    channel_utilization: 4.88
    air_util_tx: 0.0271111112
    uptime_seconds: 61
  }
  is_favorite: true
}

DEBUG file:mesh_interface.py _handleFromRadio line:1319 Received nodeinfo: {'num': 3676924936, 'user': {'id': '!db296c08', 'longName': 'Meshtastic 6c08', 'shortName': '6c08', 'macaddr': 'EFHbKWwI', 'hwModel': 'HELTEC_V3', 'publicKey': 'nysISJsPGcSbHreJanEazPV15tKnp/lj/li2/JVIZCY='}, 'position': {'time': 1765188445}, 'lastHeard': 1765188445, 'deviceMetrics': {'batteryLevel': 101, 'voltage': 4.334, 'channelUtilization': 4.88, 'airUtilTx': 0.027111111, 'uptimeSeconds': 61}, 'isFavorite': True}
DEBUG file:mesh_interface.py _handleFromRadio line:1296 in mesh_interface.py _handleFromRadio() TS: 2025-12-08T11:07:26.370416 fromRadioBytes: b'j"\n\x0e2.6.11.60ec05e\x10\x18\x18\x01 \x01(\x01@\xab\x06H+X\x01`\x80\n'
DEBUG file:mesh_interface.py _handleFromRadio line:1308 Received from radio: metadata {
  firmware_version: "2.6.11.60ec05e"
  device_state_version: 24
  canShutdown: true
  hasWifi: true
  hasBluetooth: true
  position_flags: 811
  hw_model: HELTEC_V3
  hasPKC: true
  excluded_modules: 1280
}

DEBUG file:mesh_interface.py _handleFromRadio line:1316 Received device metadata: firmware_version: "2.6.11.60ec05e" device_state_version: 24 canShutdown: true hasWifi: true hasBluetooth: true position_flags: 811 hw_model: HELTEC_V3 hasPKC: true excluded_modules: 1280
DEBUG file:mesh_interface.py _handleFromRadio line:1296 in mesh_interface.py _handleFromRadio() TS: 2025-12-08T11:07:26.370416 fromRadioBytes: b'R\x0b\x12\x07\x12\x01\x01:\x02\x08\r\x18\x01'
DEBUG file:mesh_interface.py _handleFromRadio line:1308 Received from radio: channel {
  settings {
    psk: "\001"
    module_settings {
      position_precision: 13
    }
  }
  role: PRIMARY
}

DEBUG file:mesh_interface.py _handleFromRadio line:1296 in mesh_interface.py _handleFromRadio() TS: 2025-12-08T11:07:26.370416 fromRadioBytes: b'R5\x08\x01\x12/\x12 \xdf\xa5\x16\x9509\x865\xc8\x1d\x8c)K\x8a2\x11?4a@\xe1\xe5p\xa1\x05\xbf\x0c\x89\xc2E\x90\xd3\x1a\x03TMD(\x010\x01:\x02\x08\r\x18\x02'
DEBUG file:mesh_interface.py _handleFromRadio line:1308 Received from radio: channel {
  index: 1
  settings {
    psk: "\337\245\026\22509\2065\310\035\214)K\2122\021?4a@\341\345p\241\005\277\014\211\302E\220\323"
    name: "TMD"
    uplink_enabled: true
    downlink_enabled: true
    module_settings {
      position_precision: 13
    }
  }
  role: SECONDARY
}

DEBUG file:mesh_interface.py _handleFromRadio line:1296 in mesh_interface.py _handleFromRadio() TS: 2025-12-08T11:07:26.370416 fromRadioBytes: b'R\x04\x08\x02\x12\x00'
DEBUG file:mesh_interface.py _handleFromRadio line:1308 Received from radio: channel {
  index: 2
  settings {
  }
}

DEBUG file:mesh_interface.py _handleFromRadio line:1296 in mesh_interface.py _handleFromRadio() TS: 2025-12-08T11:07:26.370416 fromRadioBytes: b'R\x04\x08\x03\x12\x00'
DEBUG file:mesh_interface.py _handleFromRadio line:1308 Received from radio: channel {
  index: 3
  settings {
  }
}

DEBUG file:mesh_interface.py _handleFromRadio line:1296 in mesh_interface.py _handleFromRadio() TS: 2025-12-08T11:07:26.370416 fromRadioBytes: b'R\x04\x08\x04\x12\x00'
DEBUG file:mesh_interface.py _handleFromRadio line:1308 Received from radio: channel {
  index: 4
  settings {
  }
}

DEBUG file:mesh_interface.py _handleFromRadio line:1296 in mesh_interface.py _handleFromRadio() TS: 2025-12-08T11:07:26.370416 fromRadioBytes: b'R\x04\x08\x05\x12\x00'
DEBUG file:mesh_interface.py _handleFromRadio line:1308 Received from radio: channel {
  index: 5
  settings {
  }
}

DEBUG file:mesh_interface.py _handleFromRadio line:1296 in mesh_interface.py _handleFromRadio() TS: 2025-12-08T11:07:26.370416 fromRadioBytes: b'R\x04\x08\x06\x12\x00'
DEBUG file:mesh_interface.py _handleFromRadio line:1308 Received from radio: channel {
  index: 6
  settings {
  }
}

DEBUG file:mesh_interface.py _handleFromRadio line:1296 in mesh_interface.py _handleFromRadio() TS: 2025-12-08T11:07:26.386064 fromRadioBytes: b'R\x04\x08\x07\x12\x00'
DEBUG file:mesh_interface.py _handleFromRadio line:1308 Received from radio: channel {
  index: 7
  settings {
  }
}

DEBUG file:mesh_interface.py _handleFromRadio line:1296 in mesh_interface.py _handleFromRadio() TS: 2025-12-08T11:07:26.386064 fromRadioBytes: b'*&\n$\x10\x010\x028\xb0TZ\x19GMT-1GMT,M3.5.0,M10.4.0/3`\x01'
DEBUG file:mesh_interface.py _handleFromRadio line:1308 Received from radio: config {
  device {
    serial_enabled: true
    rebroadcast_mode: LOCAL_ONLY
    node_info_broadcast_secs: 10800
    tzdef: "GMT-1GMT,M3.5.0,M10.4.0/3"
    led_heartbeat_disabled: true
  }
}

DEBUG file:mesh_interface.py _handleFromRadio line:1296 in mesh_interface.py _handleFromRadio() TS: 2025-12-08T11:07:26.401899 fromRadioBytes: b'*\x14\x12\x12\x08\x90\x1c(\x90\x1c0\x84\x078\xab\x06PdX\x1eh\x02'
DEBUG file:mesh_interface.py _handleFromRadio line:1308 Received from radio: config {
  position {
    position_broadcast_secs: 3600
    gps_update_interval: 3600
    gps_attempt_time: 900
    position_flags: 811
    broadcast_smart_minimum_distance: 100
    broadcast_smart_minimum_interval_secs: 30
    gps_mode: NOT_PRESENT
  }
}

DEBUG file:mesh_interface.py _handleFromRadio line:1296 in mesh_interface.py _handleFromRadio() TS: 2025-12-08T11:07:26.417759 fromRadioBytes: b'*\x0f\x1a\r <0\xff\xff\xff\xff\x0f8\xac\x02@\n'
DEBUG file:mesh_interface.py _handleFromRadio line:1308 Received from radio: config {
  power {
    wait_bluetooth_secs: 60
    sds_secs: 4294967295
    ls_secs: 300
    min_wake_secs: 10
  }
}

DEBUG file:mesh_interface.py _handleFromRadio line:1296 in mesh_interface.py _handleFromRadio() TS: 2025-12-08T11:07:26.428913 fromRadioBytes: b'*;"9\x08\x01\x1a\x04ANet"\x14v0o34ieYK4ELf_y-3Gx8*\x17meshtastic.pool.ntp.orgP\x01'
DEBUG file:mesh_interface.py _handleFromRadio line:1308 Received from radio: config {
  network {
    wifi_enabled: true
    wifi_ssid: "ANet"
    wifi_psk: "xxx"
    ntp_server: "meshtastic.pool.ntp.org"
    enabled_protocols: 1
  }
}

DEBUG file:mesh_interface.py _handleFromRadio line:1296 in mesh_interface.py _handleFromRadio() TS: 2025-12-08T11:07:26.433854 fromRadioBytes: b'*\x08*\x06\x08<\x18\x0f@\x02'
DEBUG file:mesh_interface.py _handleFromRadio line:1308 Received from radio: config {
  display {
    screen_on_secs: 60
    auto_screen_carousel_secs: 15
    displaymode: INVERTED
  }
}

DEBUG file:mesh_interface.py _handleFromRadio line:1296 in mesh_interface.py _handleFromRadio() TS: 2025-12-08T11:07:26.433854 fromRadioBytes: b'*\x112\x0f\x08\x018\x03@\x03H\x01P\x1bh\x01\xc0\x06\x01'
DEBUG file:mesh_interface.py _handleFromRadio line:1308 Received from radio: config {
  lora {
    use_preset: true
    region: EU_868
    hop_limit: 3
    tx_enabled: true
    tx_power: 27
    sx126x_rx_boosted_gain: true
    ignore_mqtt: true
  }
}

DEBUG file:mesh_interface.py _handleFromRadio line:1296 in mesh_interface.py _handleFromRadio() TS: 2025-12-08T11:07:26.449902 fromRadioBytes: b'*\x08:\x06\x10\x01\x18\xc0\xc4\x07'
DEBUG file:mesh_interface.py _handleFromRadio line:1308 Received from radio: config {
  bluetooth {
    mode: FIXED_PIN
    fixed_pin: 123456
  }
}

DEBUG file:mesh_interface.py _handleFromRadio line:1296 in mesh_interface.py _handleFromRadio() TS: 2025-12-08T11:07:26.465910 fromRadioBytes: b'*HBF\n \x9f+\x08H\x9b\x0f\x19\xc4\x9b\x1e\xb7\x89jq\x1a\xcc\xf5u\xe6\xd2\xa7\xa7\xf9c\xfeX\xb6\xfc\x95Hd&\x12 @\x1b[ \xb1\xc7\x86\x8a\xb3\xa6.G\xb1>\xba\xfdA\xa1\xa6\xe4\xf8\xdb\xd8\xad\xddE\xb41%O\x11Y(\x01'
DEBUG file:mesh_interface.py _handleFromRadio line:1308 Received from radio: config {
  security {
    public_key: "\237+\010H\233\017\031\304\233\036\267\211jq\032\314\365u\346\322\247\247\371c\376X\266\374\225Hd&"
    private_key: "@\033[ \261\307\206\212\263\246.G\261>\272\375A\241\246\344\370\333\330\255\335E\2641%O\021Y"
    serial_enabled: true
  }
}

DEBUG file:mesh_interface.py _handleFromRadio line:1296 in mesh_interface.py _handleFromRadio() TS: 2025-12-08T11:07:26.465910 fromRadioBytes: b'*\x02J\x00'
DEBUG file:mesh_interface.py _handleFromRadio line:1308 Received from radio: config {
  sessionkey {
  }
}

DEBUG file:mesh_interface.py _handleFromRadio line:1296 in mesh_interface.py _handleFromRadio() TS: 2025-12-08T11:07:26.465910 fromRadioBytes: b'*\x02R\x00'
DEBUG file:mesh_interface.py _handleFromRadio line:1308 Received from radio: config {
  device_ui {
  }
}

DEBUG file:mesh_interface.py _handleFromRadio line:1296 in mesh_interface.py _handleFromRadio() TS: 2025-12-08T11:07:26.481737 fromRadioBytes: b'J:\n8\x12\x13mqtt.meshtastic.org\x1a\x07meshdev"\nlarge4cats(\x01B\nmsh/EU_868'
DEBUG file:mesh_interface.py _handleFromRadio line:1308 Received from radio: moduleConfig {
  mqtt {
    address: "mqtt.meshtastic.org"
    username: "meshdev"
    password: "large4cats"
    encryption_enabled: true
    root: "msh/EU_868"
  }
}

DEBUG file:mesh_interface.py _handleFromRadio line:1296 in mesh_interface.py _handleFromRadio() TS: 2025-12-08T11:07:26.498773 fromRadioBytes: b'J\x02\x12\x00'
DEBUG file:mesh_interface.py _handleFromRadio line:1308 Received from radio: moduleConfig {
  serial {
  }
}

DEBUG file:mesh_interface.py _handleFromRadio line:1296 in mesh_interface.py _handleFromRadio() TS: 2025-12-08T11:07:26.500457 fromRadioBytes: b'J\x02\x1a\x00'
DEBUG file:mesh_interface.py _handleFromRadio line:1308 Received from radio: moduleConfig {
  external_notification {
  }
}

DEBUG file:mesh_interface.py _handleFromRadio line:1296 in mesh_interface.py _handleFromRadio() TS: 2025-12-08T11:07:26.500457 fromRadioBytes: b'J\x02"\x00'
DEBUG file:mesh_interface.py _handleFromRadio line:1308 Received from radio: moduleConfig {
  store_forward {
  }
}

DEBUG file:mesh_interface.py _handleFromRadio line:1296 in mesh_interface.py _handleFromRadio() TS: 2025-12-08T11:07:26.516417 fromRadioBytes: b'J\x02*\x00'
DEBUG file:mesh_interface.py _handleFromRadio line:1308 Received from radio: moduleConfig {
  range_test {
  }
}

DEBUG file:mesh_interface.py _handleFromRadio line:1296 in mesh_interface.py _handleFromRadio() TS: 2025-12-08T11:07:26.532416 fromRadioBytes: b'J\x082\x06\x08\x88\x0e\x10\x88\x0e'
DEBUG file:mesh_interface.py _handleFromRadio line:1308 Received from radio: moduleConfig {
  telemetry {
    device_update_interval: 1800
    environment_update_interval: 1800
  }
}

DEBUG file:mesh_interface.py _handleFromRadio line:1296 in mesh_interface.py _handleFromRadio() TS: 2025-12-08T11:07:26.532416 fromRadioBytes: b'J\x02:\x00'
DEBUG file:mesh_interface.py _handleFromRadio line:1308 Received from radio: moduleConfig {
  canned_message {
  }
}

DEBUG file:mesh_interface.py _handleFromRadio line:1296 in mesh_interface.py _handleFromRadio() TS: 2025-12-08T11:07:26.548404 fromRadioBytes: b'J\x02B\x00'
DEBUG file:mesh_interface.py _handleFromRadio line:1308 Received from radio: moduleConfig {
  audio {
  }
}

DEBUG file:mesh_interface.py _handleFromRadio line:1296 in mesh_interface.py _handleFromRadio() TS: 2025-12-08T11:07:26.548404 fromRadioBytes: b'J\x02J\x00'
DEBUG file:mesh_interface.py _handleFromRadio line:1308 Received from radio: moduleConfig {
  remote_hardware {
  }
}

DEBUG file:mesh_interface.py _handleFromRadio line:1296 in mesh_interface.py _handleFromRadio() TS: 2025-12-08T11:07:26.566493 fromRadioBytes: b'J\x02R\x00'
DEBUG file:mesh_interface.py _handleFromRadio line:1308 Received from radio: moduleConfig {
  neighbor_info {
  }
}

DEBUG file:mesh_interface.py _handleFromRadio line:1296 in mesh_interface.py _handleFromRadio() TS: 2025-12-08T11:07:26.567961 fromRadioBytes: b'J\nZ\x08\x10\n\x18) l(\x08'
DEBUG file:mesh_interface.py _handleFromRadio line:1308 Received from radio: moduleConfig {
  ambient_lighting {
    current: 10
    red: 41
    green: 108
    blue: 8
  }
}

DEBUG file:mesh_interface.py _handleFromRadio line:1296 in mesh_interface.py _handleFromRadio() TS: 2025-12-08T11:07:26.583702 fromRadioBytes: b'J\x06b\x04\x10-8\x01'
DEBUG file:mesh_interface.py _handleFromRadio line:1308 Received from radio: moduleConfig {
  detection_sensor {
    minimum_broadcast_secs: 45
    detection_trigger_type: LOGIC_HIGH
  }
}

DEBUG file:mesh_interface.py _handleFromRadio line:1296 in mesh_interface.py _handleFromRadio() TS: 2025-12-08T11:07:26.583702 fromRadioBytes: b'J\x02j\x00'
DEBUG file:mesh_interface.py _handleFromRadio line:1308 Received from radio: moduleConfig {
  paxcounter {
  }
}

DEBUG file:mesh_interface.py _handleFromRadio line:1296 in mesh_interface.py _handleFromRadio() TS: 2025-12-08T11:07:26.619940 fromRadioBytes: b'"y\x08\xf5\x94\xee\xae\x0c\x12N\n\t!c5db8a75\x12\x0fMeshtastic 8a75\x1a\x048a75"\x06\xc6\xb6\xc5\xdb\x8au(\tB \x85\xed\xcav\x83\x96\x18\x00R\x93\x93-\x8c\xd21\x9e\x15\x12\xec\xf4\xe3!\xb8\x87\xe0[\x14iq\x82\rU%\x00\x00\xc0@-\xa1\xa26i2\x15\x08e\x15;\xdf\x87@\x1d\x00\x00\x00\x00%\xd4,\xaf>(\xbd\xab\x15H\x00'
DEBUG file:mesh_interface.py _handleFromRadio line:1308 Received from radio: node_info {
  num: 3319499381
  user {
    id: "!c5db8a75"
    long_name: "Meshtastic 8a75"
    short_name: "8a75"
    macaddr: "\306\266\305\333\212u"
    hw_model: RAK4631
    public_key: "\205\355\312v\203\226\030\000R\223\223-\214\3221\236\025\022\354\364\343!\270\207\340[\024iq\202\rU"
  }
  snr: 6
  last_heard: 1765188257
  device_metrics {
    battery_level: 101
    voltage: 4.246
    channel_utilization: 0
    air_util_tx: 0.342138886
    uptime_seconds: 349629
  }
  hops_away: 0
}

DEBUG file:mesh_interface.py _handleFromRadio line:1319 Received nodeinfo: {'num': 3319499381, 'user': {'id': '!c5db8a75', 'longName': 'Meshtastic 8a75', 'shortName': '8a75', 'macaddr': 'xrbF24p1', 'hwModel': 'RAK4631', 'publicKey': 'he3KdoOWGABSk5MtjNIxnhUS7PTjIbiH4FsUaXGCDVU='}, 'snr': 6.0, 'lastHeard': 1765188257, 'deviceMetrics': {'batteryLevel': 101, 'voltage': 4.246, 'channelUtilization': 0.0, 'airUtilTx': 0.3421389, 'uptimeSeconds': 349629}, 'hopsAway': 0}
DEBUG file:mesh_interface.py _handleFromRadio line:1327 Node without position
DEBUG file:mesh_interface.py _handleFromRadio line:1296 in mesh_interface.py _handleFromRadio() TS: 2025-12-08T11:07:26.651771 fromRadioBytes: b'z\x19\n\x15/prefs/channels.proto\x10j'
DEBUG file:mesh_interface.py _handleFromRadio line:1308 Received from radio: fileInfo {
  file_name: "/prefs/channels.proto"
  size_bytes: 106
}

DEBUG file:mesh_interface.py _handleFromRadio line:1457 Unexpected FromRadio payload
DEBUG file:mesh_interface.py _handleFromRadio line:1296 in mesh_interface.py _handleFromRadio() TS: 2025-12-08T11:07:26.670175 fromRadioBytes: b'z\x18\n\x13/prefs/config.proto\x10\xef\x01'
DEBUG file:mesh_interface.py _handleFromRadio line:1308 Received from radio: fileInfo {
  file_name: "/prefs/config.proto"
  size_bytes: 239
}

DEBUG file:mesh_interface.py _handleFromRadio line:1457 Unexpected FromRadio payload
DEBUG file:mesh_interface.py _handleFromRadio line:1296 in mesh_interface.py _handleFromRadio() TS: 2025-12-08T11:07:26.686071 fromRadioBytes: b'z\x17\n\x13/prefs/device.proto\x10~'
DEBUG file:mesh_interface.py _handleFromRadio line:1308 Received from radio: fileInfo {
  file_name: "/prefs/device.proto"
  size_bytes: 126
}

DEBUG file:mesh_interface.py _handleFromRadio line:1457 Unexpected FromRadio payload
DEBUG file:mesh_interface.py _handleFromRadio line:1296 in mesh_interface.py _handleFromRadio() TS: 2025-12-08T11:07:26.701852 fromRadioBytes: b'z\x17\n\x13/prefs/module.proto\x10d'
DEBUG file:mesh_interface.py _handleFromRadio line:1308 Received from radio: fileInfo {
  file_name: "/prefs/module.proto"
  size_bytes: 100
}

DEBUG file:mesh_interface.py _handleFromRadio line:1457 Unexpected FromRadio payload
DEBUG file:mesh_interface.py _handleFromRadio line:1296 in mesh_interface.py _handleFromRadio() TS: 2025-12-08T11:07:26.729068 fromRadioBytes: b'z\x17\n\x12/prefs/nodes.proto\x10\x96\x05'
DEBUG file:mesh_interface.py _handleFromRadio line:1308 Received from radio: fileInfo {
  file_name: "/prefs/nodes.proto"
  size_bytes: 662
}

DEBUG file:mesh_interface.py _handleFromRadio line:1457 Unexpected FromRadio payload
DEBUG file:mesh_interface.py _handleFromRadio line:1296 in mesh_interface.py _handleFromRadio() TS: 2025-12-08T11:07:26.733921 fromRadioBytes: b'8\xe8\xce\x8e\x9b\x0f'
DEBUG file:mesh_interface.py _handleFromRadio line:1308 Received from radio: config_complete_id: 4083394408

DEBUG file:mesh_interface.py _handleFromRadio line:1342 Config complete ID 4083394408
DEBUG file:mesh_interface.py callback line:1151 Sending heartbeat, interval 300 seconds
DEBUG file:stream_interface.py _sendToRadioImpl line:124 Sending: TS: 2025-12-08T11:07:26.733921 heartbeat { }
DEBUG file:stream_interface.py _sendToRadioImpl line:129 sending header:b'\x94\xc3\x00\x02' b:b':\x00'
Connected to radio
Sending environment_metrics telemetry request to !c5db8a75 on channelIndex:0 (this could take a while)
DEBUG file:__main__.py checkChannel line:107 check channel: settings {
  psk: "\001"
  module_settings {
    position_precision: 13
  }
}
role: PRIMARY

DEBUG file:mesh_interface.py sendData line:544 Serializing protobuf as data: environment_metrics { }
DEBUG file:mesh_interface.py sendData line:547 len(data): 2
DEBUG file:mesh_interface.py sendData line:548 mesh_pb2.Constants.DATA_PAYLOAD_LEN: 233
DEBUG file:mesh_interface.py sendData line:571 Setting a response handler for requestId 2156626112
DEBUG file:mesh_interface.py _sendPacket line:1010 Sending packet: to: 3319499381 decoded { portnum: TELEMETRY_APP payload: "\032\000" want_response: true } id: 2156626112 hop_limit: 3 priority: RELIABLE
DEBUG file:stream_interface.py _sendToRadioImpl line:124 Sending: TS: 2025-12-08T11:07:27.236118 packet { to: 3319499381 decoded { portnum: TELEMETRY_APP payload: "\032\000" want_response: true } id: 2156626112 hop_limit: 3 priority: RELIABLE }
DEBUG file:stream_interface.py _sendToRadioImpl line:129 sending header:b'\x94\xc3\x00\x1a' b:b'\n\x18\x15u\x8a\xdb\xc5"\x08\x08C\x12\x02\x1a\x00\x18\x015\xc0\x80\x8b\x80H\x03XF'
DEBUG file:mesh_interface.py _handleFromRadio line:1296 in mesh_interface.py _handleFromRadio() TS: 2025-12-08T11:07:27.796652 fromRadioBytes: b'Z\x04\x10\x10\x18\x10'
DEBUG file:mesh_interface.py _handleFromRadio line:1308 Received from radio: queueStatus {
  free: 16
  maxlen: 16
}

DEBUG file:mesh_interface.py _handleQueueStatusFromRadio line:1273 TX QUEUE free 16 of 16, res = 0, id = 00000000 
DEBUG file:mesh_interface.py _handleFromRadio line:1296 in mesh_interface.py _handleFromRadio() TS: 2025-12-08T11:07:27.796652 fromRadioBytes: b'Z\n\x10\x0f\x18\x10 \xb8\xb3\xaa\x93\x04'
DEBUG file:mesh_interface.py _handleFromRadio line:1308 Received from radio: queueStatus {
  free: 15
  maxlen: 16
  mesh_packet_id: 1114282424
}

DEBUG file:mesh_interface.py _handleQueueStatusFromRadio line:1273 TX QUEUE free 15 of 16, res = 0, id = 426a99b8 
DEBUG file:mesh_interface.py _handleQueueStatusFromRadio line:1285 Reply for unexpected packet ID 426a99b8
DEBUG file:mesh_interface.py _handleFromRadio line:1296 in mesh_interface.py _handleFromRadio() TS: 2025-12-08T11:07:27.796652 fromRadioBytes: b'Z\n\x10\x0f\x18\x10 \xb9\x93\xec\xc8\x0c'
DEBUG file:mesh_interface.py _handleFromRadio line:1308 Received from radio: queueStatus {
  free: 15
  maxlen: 16
  mesh_packet_id: 3373992377
}

DEBUG file:mesh_interface.py _handleQueueStatusFromRadio line:1273 TX QUEUE free 15 of 16, res = 0, id = c91b09b9 
DEBUG file:mesh_interface.py _handleQueueStatusFromRadio line:1285 Reply for unexpected packet ID c91b09b9
DEBUG file:mesh_interface.py _handleFromRadio line:1296 in mesh_interface.py _handleFromRadio() TS: 2025-12-08T11:07:27.806400 fromRadioBytes: b'\x12?\r\x08l)\xdb\x15\xff\xff\xff\xff" \x08C\x12\x1a\r#\xa36i\x12\x13\x08e\x15!\xb0\x8a@\x1d\xf6(\x9c@%\x1f\x18\xde<(=H\x005\xb9\t\x1b\xc9=#\xa36iH\x03X\nx\x03\x98\x01\x08'
DEBUG file:mesh_interface.py _handleFromRadio line:1308 Received from radio: packet {
  from: 3676924936
  to: 4294967295
  decoded {
    portnum: TELEMETRY_APP
    payload: "\r#\2436i\022\023\010e\025!\260\212@\035\366(\234@%\037\030\336<(="
    bitfield: 0
  }
  id: 3373992377
  rx_time: 1765188387
  hop_limit: 3
  priority: BACKGROUND
  hop_start: 3
  relay_node: 8
}

DEBUG file:__init__.py _onTelemetryReceive line:202 in _onTelemetryReceive() asDict:{'from': 3676924936, 'to': 4294967295, 'decoded': {'portnum': 'TELEMETRY_APP', 'payload': b'\r#\xa36i\x12\x13\x08e\x15!\xb0\x8a@\x1d\xf6(\x9c@%\x1f\x18\xde<(=', 'bitfield': 0, 'telemetry': {'time': 1765188387, 'deviceMetrics': {'batteryLevel': 101, 'voltage': 4.334, 'channelUtilization': 4.88, 'airUtilTx': 0.027111111, 'uptimeSeconds': 61}, 'raw': time: 1765188387
device_metrics {
  battery_level: 101
  voltage: 4.334
  channel_utilization: 4.88
  air_util_tx: 0.0271111112
  uptime_seconds: 61
}
}}, 'id': 3373992377, 'rxTime': 1765188387, 'hopLimit': 3, 'priority': 'BACKGROUND', 'hopStart': 3, 'relayNode': 8, 'raw': from: 3676924936
to: 4294967295
decoded {
  portnum: TELEMETRY_APP
  payload: "\r#\2436i\022\023\010e\025!\260\212@\035\366(\234@%\037\030\336<(="
  bitfield: 0
}
id: 3373992377
rx_time: 1765188387
hop_limit: 3
priority: BACKGROUND
hop_start: 3
relay_node: 8
, 'fromId': '!db296c08', 'toId': '^all'}
DEBUG file:__init__.py _onTelemetryReceive line:226 updating deviceMetrics metrics for 3676924936 to {'batteryLevel': 101, 'voltage': 4.334, 'channelUtilization': 4.88, 'airUtilTx': 0.027111111, 'uptimeSeconds': 61}
DEBUG file:mesh_interface.py _handlePacketFromRadio line:1639 Publishing meshtastic.receive.telemetry: packet={'from': 3676924936, 'to': 4294967295, 'decoded': {'portnum': 'TELEMETRY_APP', 'payload': b'\r#\xa36i\x12\x13\x08e\x15!\xb0\x8a@\x1d\xf6(\x9c@%\x1f\x18\xde<(=', 'bitfield': 0, 'telemetry': {'time': 1765188387, 'deviceMetrics': {'batteryLevel': 101, 'voltage': 4.334, 'channelUtilization': 4.88, 'airUtilTx': 0.027111111, 'uptimeSeconds': 61}, 'raw': time: 1765188387 device_metrics { battery_level: 101 voltage: 4.334 channel_utilization: 4.88 air_util_tx: 0.0271111112 uptime_seconds: 61 } }}, 'id': 3373992377, 'rxTime': 1765188387, 'hopLimit': 3, 'priority': 'BACKGROUND', 'hopStart': 3, 'relayNode': 8, 'raw': from: 3676924936 to: 4294967295 decoded { portnum: TELEMETRY_APP payload: "\r#\2436i\022\023\010e\025!\260\212@\035\366(\234@%\037\030\336<(=" bitfield: 0 } id: 3373992377 rx_time: 1765188387 hop_limit: 3 priority: BACKGROUND hop_start: 3 relay_node: 8 , 'fromId': '!db296c08', 'toId': '^all'} 
DEBUG file:__main__.py onReceive line:73 in onReceive() d:{'portnum': 'TELEMETRY_APP', 'payload': b'\r#\xa36i\x12\x13\x08e\x15!\xb0\x8a@\x1d\xf6(\x9c@%\x1f\x18\xde<(=', 'bitfield': 0, 'telemetry': {'time': 1765188387, 'deviceMetrics': {'batteryLevel': 101, 'voltage': 4.334, 'channelUtilization': 4.88, 'airUtilTx': 0.027111111, 'uptimeSeconds': 61}, 'raw': time: 1765188387
device_metrics {
  battery_level: 101
  voltage: 4.334
  channel_utilization: 4.88
  air_util_tx: 0.0271111112
  uptime_seconds: 61
}
}}
DEBUG file:mesh_interface.py _handleFromRadio line:1296 in mesh_interface.py _handleFromRadio() TS: 2025-12-08T11:07:27.837990 fromRadioBytes: b'Z\n\x10\x0f\x18\x10 \xc0\x81\xae\x84\x08'
DEBUG file:mesh_interface.py _handleFromRadio line:1308 Received from radio: queueStatus {
  free: 15
  maxlen: 16
  mesh_packet_id: 2156626112
}

DEBUG file:mesh_interface.py _handleQueueStatusFromRadio line:1273 TX QUEUE free 15 of 16, res = 0, id = 808b80c0 
DEBUG file:mesh_interface.py _handleQueueStatusFromRadio line:1285 Reply for unexpected packet ID 808b80c0
DEBUG file:mesh_interface.py _sendToRadio line:1249 packet 808b80c0 got acked under us
DEBUG file:mesh_interface.py _sendToRadio line:1249 packet 426a99b8 got acked under us
DEBUG file:mesh_interface.py _sendToRadio line:1249 packet c91b09b9 got acked under us
DEBUG file:mesh_interface.py _handleFromRadio line:1296 in mesh_interface.py _handleFromRadio() TS: 2025-12-08T11:07:28.750397 fromRadioBytes: b'\x128\r\x08l)\xdb\x15\xff\xff\xff\xff"\x1e\x08C\x12\x1a\r_\xa36i\x12\x13\x08e\x15\xf2\xd2\x89@\x1dj\x03]?%\x08:m=(y5\xba\xfd\x89\xf1=_\xa36iH\x03X\n'
DEBUG file:mesh_interface.py _handleFromRadio line:1308 Received from radio: packet {
  from: 3676924936
  to: 4294967295
  decoded {
    portnum: TELEMETRY_APP
    payload: "\r_\2436i\022\023\010e\025\362\322\211@\035j\003]?%\010:m=(y"
  }
  id: 4052352442
  rx_time: 1765188447
  hop_limit: 3
  priority: BACKGROUND
}

DEBUG file:__init__.py _onTelemetryReceive line:202 in _onTelemetryReceive() asDict:{'from': 3676924936, 'to': 4294967295, 'decoded': {'portnum': 'TELEMETRY_APP', 'payload': b'\r_\xa36i\x12\x13\x08e\x15\xf2\xd2\x89@\x1dj\x03]?%\x08:m=(y', 'telemetry': {'time': 1765188447, 'deviceMetrics': {'batteryLevel': 101, 'voltage': 4.307, 'channelUtilization': 0.86333334, 'airUtilTx': 0.05791667, 'uptimeSeconds': 121}, 'raw': time: 1765188447
device_metrics {
  battery_level: 101
  voltage: 4.307
  channel_utilization: 0.863333344
  air_util_tx: 0.057916671
  uptime_seconds: 121
}
}}, 'id': 4052352442, 'rxTime': 1765188447, 'hopLimit': 3, 'priority': 'BACKGROUND', 'raw': from: 3676924936
to: 4294967295
decoded {
  portnum: TELEMETRY_APP
  payload: "\r_\2436i\022\023\010e\025\362\322\211@\035j\003]?%\010:m=(y"
}
id: 4052352442
rx_time: 1765188447
hop_limit: 3
priority: BACKGROUND
, 'fromId': '!db296c08', 'toId': '^all'}
DEBUG file:__init__.py _onTelemetryReceive line:226 updating deviceMetrics metrics for 3676924936 to {'batteryLevel': 101, 'voltage': 4.307, 'channelUtilization': 0.86333334, 'airUtilTx': 0.05791667, 'uptimeSeconds': 121}
DEBUG file:mesh_interface.py _handlePacketFromRadio line:1639 Publishing meshtastic.receive.telemetry: packet={'from': 3676924936, 'to': 4294967295, 'decoded': {'portnum': 'TELEMETRY_APP', 'payload': b'\r_\xa36i\x12\x13\x08e\x15\xf2\xd2\x89@\x1dj\x03]?%\x08:m=(y', 'telemetry': {'time': 1765188447, 'deviceMetrics': {'batteryLevel': 101, 'voltage': 4.307, 'channelUtilization': 0.86333334, 'airUtilTx': 0.05791667, 'uptimeSeconds': 121}, 'raw': time: 1765188447 device_metrics { battery_level: 101 voltage: 4.307 channel_utilization: 0.863333344 air_util_tx: 0.057916671 uptime_seconds: 121 } }}, 'id': 4052352442, 'rxTime': 1765188447, 'hopLimit': 3, 'priority': 'BACKGROUND', 'raw': from: 3676924936 to: 4294967295 decoded { portnum: TELEMETRY_APP payload: "\r_\2436i\022\023\010e\025\362\322\211@\035j\003]?%\010:m=(y" } id: 4052352442 rx_time: 1765188447 hop_limit: 3 priority: BACKGROUND , 'fromId': '!db296c08', 'toId': '^all'} 
DEBUG file:__main__.py onReceive line:73 in onReceive() d:{'portnum': 'TELEMETRY_APP', 'payload': b'\r_\xa36i\x12\x13\x08e\x15\xf2\xd2\x89@\x1dj\x03]?%\x08:m=(y', 'telemetry': {'time': 1765188447, 'deviceMetrics': {'batteryLevel': 101, 'voltage': 4.307, 'channelUtilization': 0.86333334, 'airUtilTx': 0.05791667, 'uptimeSeconds': 121}, 'raw': time: 1765188447
device_metrics {
  battery_level: 101
  voltage: 4.307
  channel_utilization: 0.863333344
  air_util_tx: 0.057916671
  uptime_seconds: 121
}
}}
DEBUG file:mesh_interface.py _handleFromRadio line:1296 in mesh_interface.py _handleFromRadio() TS: 2025-12-08T11:07:28.790499 fromRadioBytes: b'\x12C\r\x08l)\xdb\x15\xff\xff\xff\xff")\x08C\x12%\r_\xa36i2\x1e\x08y\x15j\x03]?\x1d\x08:m= \x02(\x048\x02@\x02H\x04`\xb0\xc5\x11h\xc4\xf0\x065\xbb\xc5\x1bl=_\xa36iH\x03X\n'
DEBUG file:mesh_interface.py _handleFromRadio line:1308 Received from radio: packet {
  from: 3676924936
  to: 4294967295
  decoded {
    portnum: TELEMETRY_APP
    payload: "\r_\2436i2\036\010y\025j\003]?\035\010:m= \002(\0048\002@\002H\004`\260\305\021h\304\360\006"
  }
  id: 1813759419
  rx_time: 1765188447
  hop_limit: 3
  priority: BACKGROUND
}

DEBUG file:__init__.py _onTelemetryReceive line:202 in _onTelemetryReceive() asDict:{'from': 3676924936, 'to': 4294967295, 'decoded': {'portnum': 'TELEMETRY_APP', 'payload': b'\r_\xa36i2\x1e\x08y\x15j\x03]?\x1d\x08:m= \x02(\x048\x02@\x02H\x04`\xb0\xc5\x11h\xc4\xf0\x06', 'telemetry': {'time': 1765188447, 'localStats': {'uptimeSeconds': 121, 'channelUtilization': 0.86333334, 'airUtilTx': 0.05791667, 'numPacketsTx': 2, 'numPacketsRx': 4, 'numOnlineNodes': 2, 'numTotalNodes': 2, 'numRxDupe': 4, 'heapTotalBytes': 287408, 'heapFreeBytes': 112708}, 'raw': time: 1765188447
local_stats {
  uptime_seconds: 121
  channel_utilization: 0.863333344
  air_util_tx: 0.057916671
  num_packets_tx: 2
  num_packets_rx: 4
  num_online_nodes: 2
  num_total_nodes: 2
  num_rx_dupe: 4
  heap_total_bytes: 287408
  heap_free_bytes: 112708
}
}}, 'id': 1813759419, 'rxTime': 1765188447, 'hopLimit': 3, 'priority': 'BACKGROUND', 'raw': from: 3676924936
to: 4294967295
decoded {
  portnum: TELEMETRY_APP
  payload: "\r_\2436i2\036\010y\025j\003]?\035\010:m= \002(\0048\002@\002H\004`\260\305\021h\304\360\006"
}
id: 1813759419
rx_time: 1765188447
hop_limit: 3
priority: BACKGROUND
, 'fromId': '!db296c08', 'toId': '^all'}
DEBUG file:__init__.py _onTelemetryReceive line:226 updating localStats metrics for 3676924936 to {'uptimeSeconds': 121, 'channelUtilization': 0.86333334, 'airUtilTx': 0.05791667, 'numPacketsTx': 2, 'numPacketsRx': 4, 'numOnlineNodes': 2, 'numTotalNodes': 2, 'numRxDupe': 4, 'heapTotalBytes': 287408, 'heapFreeBytes': 112708}
DEBUG file:mesh_interface.py _handlePacketFromRadio line:1639 Publishing meshtastic.receive.telemetry: packet={'from': 3676924936, 'to': 4294967295, 'decoded': {'portnum': 'TELEMETRY_APP', 'payload': b'\r_\xa36i2\x1e\x08y\x15j\x03]?\x1d\x08:m= \x02(\x048\x02@\x02H\x04`\xb0\xc5\x11h\xc4\xf0\x06', 'telemetry': {'time': 1765188447, 'localStats': {'uptimeSeconds': 121, 'channelUtilization': 0.86333334, 'airUtilTx': 0.05791667, 'numPacketsTx': 2, 'numPacketsRx': 4, 'numOnlineNodes': 2, 'numTotalNodes': 2, 'numRxDupe': 4, 'heapTotalBytes': 287408, 'heapFreeBytes': 112708}, 'raw': time: 1765188447 local_stats { uptime_seconds: 121 channel_utilization: 0.863333344 air_util_tx: 0.057916671 num_packets_tx: 2 num_packets_rx: 4 num_online_nodes: 2 num_total_nodes: 2 num_rx_dupe: 4 heap_total_bytes: 287408 heap_free_bytes: 112708 } }}, 'id': 1813759419, 'rxTime': 1765188447, 'hopLimit': 3, 'priority': 'BACKGROUND', 'raw': from: 3676924936 to: 4294967295 decoded { portnum: TELEMETRY_APP payload: "\r_\2436i2\036\010y\025j\003]?\035\010:m= \002(\0048\002@\002H\004`\260\305\021h\304\360\006" } id: 1813759419 rx_time: 1765188447 hop_limit: 3 priority: BACKGROUND , 'fromId': '!db296c08', 'toId': '^all'} 
DEBUG file:__main__.py onReceive line:73 in onReceive() d:{'portnum': 'TELEMETRY_APP', 'payload': b'\r_\xa36i2\x1e\x08y\x15j\x03]?\x1d\x08:m= \x02(\x048\x02@\x02H\x04`\xb0\xc5\x11h\xc4\xf0\x06', 'telemetry': {'time': 1765188447, 'localStats': {'uptimeSeconds': 121, 'channelUtilization': 0.86333334, 'airUtilTx': 0.05791667, 'numPacketsTx': 2, 'numPacketsRx': 4, 'numOnlineNodes': 2, 'numTotalNodes': 2, 'numRxDupe': 4, 'heapTotalBytes': 287408, 'heapFreeBytes': 112708}, 'raw': time: 1765188447
local_stats {
  uptime_seconds: 121
  channel_utilization: 0.863333344
  air_util_tx: 0.057916671
  num_packets_tx: 2
  num_packets_rx: 4
  num_online_nodes: 2
  num_total_nodes: 2
  num_rx_dupe: 4
  heap_total_bytes: 287408
  heap_free_bytes: 112708
}
}}
DEBUG file:mesh_interface.py _handleFromRadio line:1296 in mesh_interface.py _handleFromRadio() TS: 2025-12-08T11:07:30.275885 fromRadioBytes: b'\x12d\ru\x8a\xdb\xc5\x15\x08l)\xdb"\x1c\x08C\x12\x11\r]\xa36i\x1a\n\r)\\\xbdA\x1d1\x80rD5\xc0\x80\x8b\x80H\x005Obq\xb6=`\xa36iE\x00\x00\xb8@H\x02x\x02\x82\x01 \x85\xed\xcav\x83\x96\x18\x00R\x93\x93-\x8c\xd21\x9e\x15\x12\xec\xf4\xe3!\xb8\x87\xe0[\x14iq\x82\rU\x88\x01\x01\x98\x01u'
DEBUG file:mesh_interface.py _handleFromRadio line:1308 Received from radio: packet {
  from: 3319499381
  to: 3676924936
  decoded {
    portnum: TELEMETRY_APP
    payload: "\r]\2436i\032\n\r)\\275A\0351\200rD"
    request_id: 2156626112
    bitfield: 0
  }
  id: 3060884047
  rx_time: 1765188448
  rx_snr: 5.75
  hop_limit: 2
  hop_start: 2
  public_key: "\205\355\312v\203\226\030\000R\223\223-\214\3221\236\025\022\354\364\343!\270\207\340[\024iq\202\rU"
  pki_encrypted: true
  relay_node: 117
}

DEBUG file:__init__.py _onTelemetryReceive line:202 in _onTelemetryReceive() asDict:{'from': 3319499381, 'to': 3676924936, 'decoded': {'portnum': 'TELEMETRY_APP', 'payload': b'\r]\xa36i\x1a\n\r)\\\xbdA\x1d1\x80rD', 'requestId': 2156626112, 'bitfield': 0, 'telemetry': {'time': 1765188445, 'environmentMetrics': {'temperature': 23.67, 'barometricPressure': 970.003}, 'raw': time: 1765188445
environment_metrics {
  temperature: 23.67
  barometric_pressure: 970.003
}
}}, 'id': 3060884047, 'rxTime': 1765188448, 'rxSnr': 5.75, 'hopLimit': 2, 'hopStart': 2, 'publicKey': 'he3KdoOWGABSk5MtjNIxnhUS7PTjIbiH4FsUaXGCDVU=', 'pkiEncrypted': True, 'relayNode': 117, 'raw': from: 3319499381
to: 3676924936
decoded {
  portnum: TELEMETRY_APP
  payload: "\r]\2436i\032\n\r)\\275A\0351\200rD"
  request_id: 2156626112
  bitfield: 0
}
id: 3060884047
rx_time: 1765188448
rx_snr: 5.75
hop_limit: 2
hop_start: 2
public_key: "\205\355\312v\203\226\030\000R\223\223-\214\3221\236\025\022\354\364\343!\270\207\340[\024iq\202\rU"
pki_encrypted: true
relay_node: 117
, 'fromId': '!c5db8a75', 'toId': '!db296c08'}
DEBUG file:__init__.py _onTelemetryReceive line:226 updating environmentMetrics metrics for 3319499381 to {'temperature': 23.67, 'barometricPressure': 970.003}
DEBUG file:mesh_interface.py _handlePacketFromRadio line:1617 Got a response for requestId 2156626112
DEBUG file:mesh_interface.py _handlePacketFromRadio line:1634 Calling response handler for requestId 2156626112
DEBUG file:mesh_interface.py _handlePacketFromRadio line:1639 Publishing meshtastic.receive.telemetry: packet={'from': 3319499381, 'to': 3676924936, 'decoded': {'portnum': 'TELEMETRY_APP', 'payload': b'\r]\xa36i\x1a\n\r)\\\xbdA\x1d1\x80rD', 'requestId': 2156626112, 'bitfield': 0, 'telemetry': {'time': 1765188445, 'environmentMetrics': {'temperature': 23.67, 'barometricPressure': 970.003}, 'raw': time: 1765188445 environment_metrics { temperature: 23.67 barometric_pressure: 970.003 } }}, 'id': 3060884047, 'rxTime': 1765188448, 'rxSnr': 5.75, 'hopLimit': 2, 'hopStart': 2, 'publicKey': 'he3KdoOWGABSk5MtjNIxnhUS7PTjIbiH4FsUaXGCDVU=', 'pkiEncrypted': True, 'relayNode': 117, 'raw': from: 3319499381 to: 3676924936 decoded { portnum: TELEMETRY_APP payload: "\r]\2436i\032\n\r)\\275A\0351\200rD" request_id: 2156626112 bitfield: 0 } id: 3060884047 rx_time: 1765188448 rx_snr: 5.75 hop_limit: 2 hop_start: 2 public_key: "\205\355\312v\203\226\030\000R\223\223-\214\3221\236\025\022\354\364\343!\270\207\340[\024iq\202\rU" pki_encrypted: true relay_node: 117 , 'fromId': '!c5db8a75', 'toId': '!db296c08'} 
DEBUG file:__main__.py onReceive line:73 in onReceive() d:{'portnum': 'TELEMETRY_APP', 'payload': b'\r]\xa36i\x1a\n\r)\\\xbdA\x1d1\x80rD', 'requestId': 2156626112, 'bitfield': 0, 'telemetry': {'time': 1765188445, 'environmentMetrics': {'temperature': 23.67, 'barometricPressure': 970.003}, 'raw': time: 1765188445
environment_metrics {
  temperature: 23.67
  barometric_pressure: 970.003
}
}}
Telemetry received:
environmentMetrics:
  temperature: 23.67
  barometricPressure: 970.003

Process finished with exit code 0
