2026-01-12T11:12:22.615573 PUBSUB: Create T<meshtastic>
2026-01-12T11:12:22.615573 PUBSUB: Create T<meshtastic.mi_status_request>
2026-01-12T11:12:22.616077 PUBSUB: Subscribe   L<MeshInterface.onStatusRequest> T<meshtastic.mi_status_request> 
2026-01-12T11:12:22.616077 PUBSUB: Create T<meshtastic.mi_connected>
2026-01-12T11:12:22.616077 PUBSUB: Subscribe   L<MeshInterface.onConnected> T<meshtastic.mi_connected> 
2026-01-12T11:12:22.616077 PUBSUB: Create T<meshtastic.mi_disconnect>
2026-01-12T11:12:22.616077 PUBSUB: Subscribe   L<MeshInterface.onDisconnect> T<meshtastic.mi_disconnect> 
2026-01-12T11:12:22.617083 PUBSUB: Create T<meshtastic.stcomm_start>
2026-01-12T11:12:22.617083 PUBSUB: Subscribe   L<StartConfigHandler.onMessageStart> T<meshtastic.stcomm_start> 
2026-01-12T11:12:22.626082 PUBSUB: Create T<meshtastic.mi_status_publish>
2026-01-12T11:12:22.626082 PUBSUB: Subscribe   L<CommandExecutor.onStatusReceive> T<meshtastic.mi_status_publish> 
2026-01-12T11:12:22.626082 PUBSUB: Send Pre    L<None> T<meshtastic.mi_status_request>
2026-01-12T11:12:22.626082 PUBSUB: Send In     L<MeshInterface.onStatusRequest> T<meshtastic.mi_status_request>
2026-01-12T11:12:22.626082 PUBSUB: Send Pre    L<None> T<meshtastic.mi_status_publish>
2026-01-12T11:12:22.626082 PUBSUB: Send In     L<CommandExecutor.onStatusReceive> T<meshtastic.mi_status_publish>
2026-01-12T11:12:22.626082 PUBSUB: Send Post   L<None> T<meshtastic.mi_status_publish>
2026-01-12T11:12:22.626082 PUBSUB: Send Post   L<None> T<meshtastic.mi_status_request>
2026-01-12T11:12:22.627085 PUBSUB: Create T<meshtastic.stcomm_finish>
2026-01-12T11:12:22.627085 PUBSUB: Subscribe   L<GetConfigCommand.onGetConfigFinished> T<meshtastic.stcomm_finish> 
2026-01-12T11:12:22.627085 PUBSUB: Create T<meshtastic.stcomm_receive>
2026-01-12T11:12:22.627085 PUBSUB: Subscribe   L<GetConfigCommand.onReceiveData> T<meshtastic.stcomm_receive> 
2026-01-12T11:12:22.627085 PUBSUB: Create T<meshtastic.my_info_publish>
2026-01-12T11:12:22.627085 PUBSUB: Subscribe   L<GetConfigCommand.onReceiveData> T<meshtastic.my_info_publish> 
2026-01-12T11:12:22.627085 PUBSUB: Create T<meshtastic.metadata_publish>
2026-01-12T11:12:22.627085 PUBSUB: Subscribe   L<GetConfigCommand.onReceiveData> T<meshtastic.metadata_publish> 
2026-01-12T11:12:22.627085 PUBSUB: Create T<meshtastic.channel_publish>
2026-01-12T11:12:22.627085 PUBSUB: Subscribe   L<GetConfigCommand.onReceiveData> T<meshtastic.channel_publish> 
2026-01-12T11:12:22.627085 PUBSUB: Create T<meshtastic.config_publish>
2026-01-12T11:12:22.627085 PUBSUB: Subscribe   L<GetConfigCommand.onReceiveData> T<meshtastic.config_publish> 
2026-01-12T11:12:22.627085 PUBSUB: Create T<meshtastic.nodeinfo_publish>
2026-01-12T11:12:22.627085 PUBSUB: Subscribe   L<GetConfigCommand.onReceiveData> T<meshtastic.nodeinfo_publish> 
2026-01-12T11:12:22.627085 PUBSUB: Send Pre    L<None> T<meshtastic.stcomm_start>
2026-01-12T11:12:22.627085 PUBSUB: Send In     L<StartConfigHandler.onMessageStart> T<meshtastic.stcomm_start>
2026-01-12T11:12:23.779692 PUBSUB: Send Post   L<None> T<meshtastic.stcomm_start>
2026-01-12T11:12:23.780697 PUBSUB: Create T<meshtastic.log>
2026-01-12T11:12:23.780697 PUBSUB: Create T<meshtastic.log.line>
2026-01-12T11:12:23.780697 PUBSUB: Send Pre    L<None> T<meshtastic.log.line>
2026-01-12T11:12:23.780697 PUBSUB: Send Post   L<None> T<meshtastic.log.line>
2026-01-12T11:12:23.780697 PUBSUB: Send Pre    L<None> T<meshtastic.log.line>
2026-01-12T11:12:23.780697 PUBSUB: Send Post   L<None> T<meshtastic.log.line>
2026-01-12T11:12:23.780697 PUBSUB: Send Pre    L<None> T<meshtastic.log.line>
2026-01-12T11:12:23.780697 PUBSUB: Send Post   L<None> T<meshtastic.log.line>
2026-01-12T11:12:23.780697 PUBSUB: Send Pre    L<None> T<meshtastic.log.line>
2026-01-12T11:12:23.780697 PUBSUB: Send Post   L<None> T<meshtastic.log.line>
2026-01-12T11:12:23.781696 PUBSUB: Send Pre    L<None> T<meshtastic.log.line>
2026-01-12T11:12:23.781696 PUBSUB: Send Post   L<None> T<meshtastic.log.line>
2026-01-12T11:12:23.782696 PUBSUB: Send Pre    L<None> T<meshtastic.log.line>
2026-01-12T11:12:23.782696 PUBSUB: Send Post   L<None> T<meshtastic.log.line>
2026-01-12T11:12:23.783696 PUBSUB: Send Pre    L<None> T<meshtastic.log.line>
2026-01-12T11:12:23.783696 PUBSUB: Send Post   L<None> T<meshtastic.log.line>
2026-01-12T11:12:23.784696 PUBSUB: Send Pre    L<None> T<meshtastic.log.line>
2026-01-12T11:12:23.784696 PUBSUB: Send Post   L<None> T<meshtastic.log.line>
2026-01-12T11:12:23.785696 PUBSUB: Send Pre    L<None> T<meshtastic.log.line>
2026-01-12T11:12:23.785696 PUBSUB: Send Post   L<None> T<meshtastic.log.line>
2026-01-12T11:12:23.786696 PUBSUB: Send Pre    L<None> T<meshtastic.log.line>
2026-01-12T11:12:23.786696 PUBSUB: Send Post   L<None> T<meshtastic.log.line>
2026-01-12T11:12:23.786696 PUBSUB: Send Pre    L<None> T<meshtastic.log.line>
2026-01-12T11:12:23.786696 PUBSUB: Send Post   L<None> T<meshtastic.log.line>
2026-01-12T11:12:23.787696 PUBSUB: Send Pre    L<None> T<meshtastic.log.line>
2026-01-12T11:12:23.787696 PUBSUB: Send Post   L<None> T<meshtastic.log.line>
2026-01-12T11:12:23.788698 PUBSUB: Send Pre    L<None> T<meshtastic.log.line>
2026-01-12T11:12:23.788698 PUBSUB: Send Post   L<None> T<meshtastic.log.line>
2026-01-12T11:12:23.789697 PUBSUB: Send Pre    L<None> T<meshtastic.log.line>
2026-01-12T11:12:23.790696 PUBSUB: Send Post   L<None> T<meshtastic.log.line>
2026-01-12T11:12:23.790696 PUBSUB: Send Pre    L<None> T<meshtastic.log.line>
2026-01-12T11:12:23.790696 PUBSUB: Send Post   L<None> T<meshtastic.log.line>
2026-01-12T11:12:23.791696 PUBSUB: Send Pre    L<None> T<meshtastic.log.line>
2026-01-12T11:12:23.791696 PUBSUB: Send Post   L<None> T<meshtastic.log.line>
2026-01-12T11:12:23.793696 PUBSUB: Send Pre    L<None> T<meshtastic.log.line>
2026-01-12T11:12:23.793696 PUBSUB: Send Post   L<None> T<meshtastic.log.line>
2026-01-12T11:12:23.793696 PUBSUB: Send Pre    L<None> T<meshtastic.log.line>
2026-01-12T11:12:23.793696 PUBSUB: Send Post   L<None> T<meshtastic.log.line>
2026-01-12T11:12:23.794699 PUBSUB: Send Pre    L<None> T<meshtastic.log.line>
2026-01-12T11:12:23.794699 PUBSUB: Send Post   L<None> T<meshtastic.log.line>
2026-01-12T11:12:23.795699 PUBSUB: Send Pre    L<None> T<meshtastic.log.line>
2026-01-12T11:12:23.795699 PUBSUB: Send Post   L<None> T<meshtastic.log.line>
2026-01-12T11:12:23.796699 PUBSUB: Send Pre    L<None> T<meshtastic.log.line>
2026-01-12T11:12:23.796699 PUBSUB: Send Post   L<None> T<meshtastic.log.line>
2026-01-12T11:12:23.796699 PUBSUB: Send Pre    L<None> T<meshtastic.log.line>
2026-01-12T11:12:23.796699 PUBSUB: Send Post   L<None> T<meshtastic.log.line>
2026-01-12T11:12:23.797700 PUBSUB: Send Pre    L<None> T<meshtastic.log.line>
2026-01-12T11:12:23.797700 PUBSUB: Send Post   L<None> T<meshtastic.log.line>
2026-01-12T11:12:23.798699 PUBSUB: Send Pre    L<None> T<meshtastic.log.line>
2026-01-12T11:12:23.798699 PUBSUB: Send Post   L<None> T<meshtastic.log.line>
2026-01-12T11:12:23.799699 PUBSUB: Send Pre    L<None> T<meshtastic.log.line>
2026-01-12T11:12:23.799699 PUBSUB: Send Post   L<None> T<meshtastic.log.line>
2026-01-12T11:12:23.800699 PUBSUB: Send Pre    L<None> T<meshtastic.log.line>
2026-01-12T11:12:23.800699 PUBSUB: Send Post   L<None> T<meshtastic.log.line>
2026-01-12T11:12:23.800699 PUBSUB: Send Pre    L<None> T<meshtastic.log.line>
2026-01-12T11:12:23.800699 PUBSUB: Send Post   L<None> T<meshtastic.log.line>
2026-01-12T11:12:23.801699 PUBSUB: Send Pre    L<None> T<meshtastic.log.line>
2026-01-12T11:12:23.801699 PUBSUB: Send Post   L<None> T<meshtastic.log.line>
2026-01-12T11:12:23.802699 PUBSUB: Send Pre    L<None> T<meshtastic.log.line>
2026-01-12T11:12:23.802699 PUBSUB: Send Post   L<None> T<meshtastic.log.line>
2026-01-12T11:12:23.803699 PUBSUB: Send Pre    L<None> T<meshtastic.log.line>
2026-01-12T11:12:23.803699 PUBSUB: Send Post   L<None> T<meshtastic.log.line>
2026-01-12T11:12:23.804701 PUBSUB: Send Pre    L<None> T<meshtastic.log.line>
2026-01-12T11:12:23.804701 PUBSUB: Send Post   L<None> T<meshtastic.log.line>
2026-01-12T11:12:23.805699 PUBSUB: Send Pre    L<None> T<meshtastic.log.line>
2026-01-12T11:12:23.805699 PUBSUB: Send Post   L<None> T<meshtastic.log.line>
2026-01-12T11:12:23.805699 PUBSUB: Send Pre    L<None> T<meshtastic.log.line>
2026-01-12T11:12:23.805699 PUBSUB: Send Post   L<None> T<meshtastic.log.line>
2026-01-12T11:12:23.806699 PUBSUB: Send Pre    L<None> T<meshtastic.log.line>
2026-01-12T11:12:23.806699 PUBSUB: Send Post   L<None> T<meshtastic.log.line>
2026-01-12T11:12:23.807699 PUBSUB: Send Pre    L<None> T<meshtastic.log.line>
2026-01-12T11:12:23.807699 PUBSUB: Send Post   L<None> T<meshtastic.log.line>
2026-01-12T11:12:24.002198 PUBSUB: Send Pre    L<None> T<meshtastic.log.line>
2026-01-12T11:12:24.002198 PUBSUB: Send Post   L<None> T<meshtastic.log.line>
2026-01-12T11:12:24.010709 PUBSUB: Send Pre    L<None> T<meshtastic.log.line>
2026-01-12T11:12:24.011708 PUBSUB: Send Post   L<None> T<meshtastic.log.line>
2026-01-12T11:12:24.023708 PUBSUB: Send Pre    L<None> T<meshtastic.log.line>
2026-01-12T11:12:24.024709 PUBSUB: Send Post   L<None> T<meshtastic.log.line>
2026-01-12T11:12:24.045709 PUBSUB: Send Pre    L<None> T<meshtastic.log.line>
2026-01-12T11:12:24.046708 PUBSUB: Send Post   L<None> T<meshtastic.log.line>
2026-01-12T11:12:24.065708 PUBSUB: Send Pre    L<None> T<meshtastic.log.line>
2026-01-12T11:12:24.065708 PUBSUB: Send Post   L<None> T<meshtastic.log.line>
2026-01-12T11:12:24.074708 PUBSUB: Send Pre    L<None> T<meshtastic.log.line>
2026-01-12T11:12:24.074708 PUBSUB: Send Post   L<None> T<meshtastic.log.line>
2026-01-12T11:12:24.088708 PUBSUB: Send Pre    L<None> T<meshtastic.log.line>
2026-01-12T11:12:24.088708 PUBSUB: Send Post   L<None> T<meshtastic.log.line>
2026-01-12T11:12:24.095711 PUBSUB: Send Pre    L<None> T<meshtastic.log.line>
2026-01-12T11:12:24.095711 PUBSUB: Send Post   L<None> T<meshtastic.log.line>
2026-01-12T11:12:24.102712 PUBSUB: Send Pre    L<None> T<meshtastic.log.line>
2026-01-12T11:12:24.102712 PUBSUB: Send Post   L<None> T<meshtastic.log.line>
2026-01-12T11:12:24.117218 PUBSUB: Send Pre    L<None> T<meshtastic.log.line>
2026-01-12T11:12:24.117218 PUBSUB: Send Post   L<None> T<meshtastic.log.line>
2026-01-12T11:12:24.130219 PUBSUB: Send Pre    L<None> T<meshtastic.log.line>
2026-01-12T11:12:24.130219 PUBSUB: Send Post   L<None> T<meshtastic.log.line>
2026-01-12T11:12:24.136219 PUBSUB: Send Pre    L<None> T<meshtastic.log.line>
2026-01-12T11:12:24.136219 PUBSUB: Send Post   L<None> T<meshtastic.log.line>
2026-01-12T11:12:24.150219 PUBSUB: Send Pre    L<None> T<meshtastic.log.line>
2026-01-12T11:12:24.150219 PUBSUB: Send Post   L<None> T<meshtastic.log.line>
2026-01-12T11:12:24.161218 PUBSUB: Send Pre    L<None> T<meshtastic.log.line>
2026-01-12T11:12:24.161218 PUBSUB: Send Post   L<None> T<meshtastic.log.line>
2026-01-12T11:12:24.168218 PUBSUB: Send Pre    L<None> T<meshtastic.log.line>
2026-01-12T11:12:24.168218 PUBSUB: Send Post   L<None> T<meshtastic.log.line>
2026-01-12T11:12:24.182219 PUBSUB: Send Pre    L<None> T<meshtastic.log.line>
2026-01-12T11:12:24.182219 PUBSUB: Send Post   L<None> T<meshtastic.log.line>
2026-01-12T11:12:24.193218 PUBSUB: Send Pre    L<None> T<meshtastic.log.line>
2026-01-12T11:12:24.193218 PUBSUB: Send Post   L<None> T<meshtastic.log.line>
2026-01-12T11:12:24.199190 PUBSUB: Send Pre    L<None> T<meshtastic.log.line>
2026-01-12T11:12:24.199190 PUBSUB: Send Post   L<None> T<meshtastic.log.line>
2026-01-12T11:12:24.209216 PUBSUB: Send Pre    L<None> T<meshtastic.log.line>
2026-01-12T11:12:24.209216 PUBSUB: Send Post   L<None> T<meshtastic.log.line>
2026-01-12T11:12:24.216220 PUBSUB: Send Pre    L<None> T<meshtastic.log.line>
2026-01-12T11:12:24.216220 PUBSUB: Send Post   L<None> T<meshtastic.log.line>
2026-01-12T11:12:24.222220 PUBSUB: Send Pre    L<None> T<meshtastic.log.line>
2026-01-12T11:12:24.222220 PUBSUB: Send Post   L<None> T<meshtastic.log.line>
2026-01-12T11:12:24.227220 PUBSUB: Send Pre    L<None> T<meshtastic.log.line>
2026-01-12T11:12:24.227220 PUBSUB: Send Post   L<None> T<meshtastic.log.line>
2026-01-12T11:12:24.274220 PUBSUB: Send Pre    L<None> T<meshtastic.log.line>
2026-01-12T11:12:24.274220 PUBSUB: Send Post   L<None> T<meshtastic.log.line>
2026-01-12T11:12:24.280220 PUBSUB: Send Pre    L<None> T<meshtastic.log.line>
2026-01-12T11:12:24.280220 PUBSUB: Send Post   L<None> T<meshtastic.log.line>
2026-01-12T11:12:24.285221 PUBSUB: Send Pre    L<None> T<meshtastic.log.line>
2026-01-12T11:12:24.285221 PUBSUB: Send Post   L<None> T<meshtastic.log.line>
2026-01-12T11:12:24.292731 PUBSUB: Send Pre    L<None> T<meshtastic.log.line>
2026-01-12T11:12:24.293735 PUBSUB: Send Post   L<None> T<meshtastic.log.line>
2026-01-12T11:12:24.298765 PUBSUB: Send Pre    L<None> T<meshtastic.log.line>
2026-01-12T11:12:24.298765 PUBSUB: Send Post   L<None> T<meshtastic.log.line>
2026-01-12T11:12:24.302781 PUBSUB: Send Pre    L<None> T<meshtastic.log.line>
2026-01-12T11:12:24.302781 PUBSUB: Send Post   L<None> T<meshtastic.log.line>
2026-01-12T11:12:24.310288 PUBSUB: Send Pre    L<None> T<meshtastic.log.line>
2026-01-12T11:12:24.310288 PUBSUB: Send Post   L<None> T<meshtastic.log.line>
2026-01-12T11:12:24.322288 PUBSUB: Send Pre    L<None> T<meshtastic.log.line>
2026-01-12T11:12:24.322288 PUBSUB: Send Post   L<None> T<meshtastic.log.line>
2026-01-12T11:12:24.418944 PUBSUB: Send Pre    L<None> T<meshtastic.log.line>
2026-01-12T11:12:24.418944 PUBSUB: Send Post   L<None> T<meshtastic.log.line>
2026-01-12T11:12:24.425944 PUBSUB: Send Pre    L<None> T<meshtastic.log.line>
2026-01-12T11:12:24.425944 PUBSUB: Send Post   L<None> T<meshtastic.log.line>
2026-01-12T11:12:24.432945 PUBSUB: Send Pre    L<None> T<meshtastic.log.line>
2026-01-12T11:12:24.432945 PUBSUB: Send Post   L<None> T<meshtastic.log.line>
2026-01-12T11:12:24.442944 PUBSUB: Send Pre    L<None> T<meshtastic.log.line>
2026-01-12T11:12:24.442944 PUBSUB: Send Post   L<None> T<meshtastic.log.line>
2026-01-12T11:12:24.449944 PUBSUB: Send Pre    L<None> T<meshtastic.log.line>
2026-01-12T11:12:24.449944 PUBSUB: Send Post   L<None> T<meshtastic.log.line>
2026-01-12T11:12:24.456944 PUBSUB: Send Pre    L<None> T<meshtastic.log.line>
2026-01-12T11:12:24.456944 PUBSUB: Send Post   L<None> T<meshtastic.log.line>
2026-01-12T11:12:24.461944 PUBSUB: Send Pre    L<None> T<meshtastic.log.line>
2026-01-12T11:12:24.461944 PUBSUB: Send Post   L<None> T<meshtastic.log.line>
2026-01-12T11:12:24.466944 PUBSUB: Send Pre    L<None> T<meshtastic.log.line>
2026-01-12T11:12:24.466944 PUBSUB: Send Post   L<None> T<meshtastic.log.line>
2026-01-12T11:12:24.471944 PUBSUB: Send Pre    L<None> T<meshtastic.log.line>
2026-01-12T11:12:24.471944 PUBSUB: Send Post   L<None> T<meshtastic.log.line>
2026-01-12T11:12:24.477944 PUBSUB: Send Pre    L<None> T<meshtastic.log.line>
2026-01-12T11:12:24.477944 PUBSUB: Send Post   L<None> T<meshtastic.log.line>
2026-01-12T11:12:24.482944 PUBSUB: Send Pre    L<None> T<meshtastic.log.line>
2026-01-12T11:12:24.482944 PUBSUB: Send Post   L<None> T<meshtastic.log.line>
2026-01-12T11:12:24.487944 PUBSUB: Send Pre    L<None> T<meshtastic.log.line>
2026-01-12T11:12:24.487944 PUBSUB: Send Post   L<None> T<meshtastic.log.line>
2026-01-12T11:12:24.492944 PUBSUB: Send Pre    L<None> T<meshtastic.log.line>
2026-01-12T11:12:24.492944 PUBSUB: Send Post   L<None> T<meshtastic.log.line>
2026-01-12T11:12:24.497947 PUBSUB: Send Pre    L<None> T<meshtastic.log.line>
2026-01-12T11:12:24.497947 PUBSUB: Send Post   L<None> T<meshtastic.log.line>
2026-01-12T11:12:24.502948 PUBSUB: Send Pre    L<None> T<meshtastic.log.line>
2026-01-12T11:12:24.502948 PUBSUB: Send Post   L<None> T<meshtastic.log.line>
2026-01-12T11:12:24.509451 PUBSUB: Send Pre    L<None> T<meshtastic.log.line>
2026-01-12T11:12:24.509451 PUBSUB: Send Post   L<None> T<meshtastic.log.line>
2026-01-12T11:12:24.514455 PUBSUB: Send Pre    L<None> T<meshtastic.log.line>
2026-01-12T11:12:24.514455 PUBSUB: Send Post   L<None> T<meshtastic.log.line>
2026-01-12T11:12:24.518455 PUBSUB: Send Pre    L<None> T<meshtastic.log.line>
2026-01-12T11:12:24.518455 PUBSUB: Send Post   L<None> T<meshtastic.log.line>
2026-01-12T11:12:24.523455 PUBSUB: Send Pre    L<None> T<meshtastic.log.line>
2026-01-12T11:12:24.523455 PUBSUB: Send Post   L<None> T<meshtastic.log.line>
2026-01-12T11:12:24.528455 PUBSUB: Send Pre    L<None> T<meshtastic.log.line>
2026-01-12T11:12:24.528455 PUBSUB: Send Post   L<None> T<meshtastic.log.line>
2026-01-12T11:12:24.533455 PUBSUB: Send Pre    L<None> T<meshtastic.log.line>
2026-01-12T11:12:24.533455 PUBSUB: Send Post   L<None> T<meshtastic.log.line>
2026-01-12T11:12:24.543455 PUBSUB: Send Pre    L<None> T<meshtastic.log.line>
2026-01-12T11:12:24.543455 PUBSUB: Send Post   L<None> T<meshtastic.log.line>
2026-01-12T11:12:24.550455 PUBSUB: Send Pre    L<None> T<meshtastic.log.line>
2026-01-12T11:12:24.550455 PUBSUB: Send Post   L<None> T<meshtastic.log.line>
2026-01-12T11:12:24.556455 PUBSUB: Send Pre    L<None> T<meshtastic.log.line>
2026-01-12T11:12:24.556455 PUBSUB: Send Post   L<None> T<meshtastic.log.line>
2026-01-12T11:12:24.563455 PUBSUB: Send Pre    L<None> T<meshtastic.log.line>
2026-01-12T11:12:24.563455 PUBSUB: Send Post   L<None> T<meshtastic.log.line>
2026-01-12T11:12:24.581455 PUBSUB: Send Pre    L<None> T<meshtastic.log.line>
2026-01-12T11:12:24.581455 PUBSUB: Send Post   L<None> T<meshtastic.log.line>
2026-01-12T11:12:24.586455 PUBSUB: Send Pre    L<None> T<meshtastic.log.line>
2026-01-12T11:12:24.586455 PUBSUB: Send Post   L<None> T<meshtastic.log.line>
2026-01-12T11:12:24.600458 PUBSUB: Send Pre    L<None> T<meshtastic.log.line>
2026-01-12T11:12:24.600458 PUBSUB: Send Post   L<None> T<meshtastic.log.line>
2026-01-12T11:12:24.606459 PUBSUB: Send Pre    L<None> T<meshtastic.log.line>
2026-01-12T11:12:24.606459 PUBSUB: Send Post   L<None> T<meshtastic.log.line>
2026-01-12T11:12:24.610967 PUBSUB: Send Pre    L<None> T<meshtastic.log.line>
2026-01-12T11:12:24.610967 PUBSUB: Send Post   L<None> T<meshtastic.log.line>
2026-01-12T11:12:24.618967 PUBSUB: Send Pre    L<None> T<meshtastic.log.line>
2026-01-12T11:12:24.618967 PUBSUB: Send Post   L<None> T<meshtastic.log.line>
2026-01-12T11:12:24.628967 PUBSUB: Send Pre    L<None> T<meshtastic.log.line>
2026-01-12T11:12:24.628967 PUBSUB: Send Post   L<None> T<meshtastic.log.line>
2026-01-12T11:12:24.634967 PUBSUB: Send Pre    L<None> T<meshtastic.log.line>
2026-01-12T11:12:24.634967 PUBSUB: Send Post   L<None> T<meshtastic.log.line>
2026-01-12T11:12:24.642967 PUBSUB: Send Pre    L<None> T<meshtastic.log.line>
2026-01-12T11:12:24.642967 PUBSUB: Send Post   L<None> T<meshtastic.log.line>
2026-01-12T11:12:24.651967 PUBSUB: Send Pre    L<None> T<meshtastic.log.line>
2026-01-12T11:12:24.651967 PUBSUB: Send Post   L<None> T<meshtastic.log.line>
2026-01-12T11:12:24.661967 PUBSUB: Send Pre    L<None> T<meshtastic.log.line>
2026-01-12T11:12:24.661967 PUBSUB: Send Post   L<None> T<meshtastic.log.line>
2026-01-12T11:12:24.667967 PUBSUB: Send Pre    L<None> T<meshtastic.log.line>
2026-01-12T11:12:24.667967 PUBSUB: Send Post   L<None> T<meshtastic.log.line>
2026-01-12T11:12:24.671967 PUBSUB: Send Pre    L<None> T<meshtastic.log.line>
2026-01-12T11:12:24.671967 PUBSUB: Send Post   L<None> T<meshtastic.log.line>
2026-01-12T11:12:24.677967 PUBSUB: Send Pre    L<None> T<meshtastic.log.line>
2026-01-12T11:12:24.677967 PUBSUB: Send Post   L<None> T<meshtastic.log.line>
2026-01-12T11:12:24.684967 PUBSUB: Send Pre    L<None> T<meshtastic.log.line>
2026-01-12T11:12:24.684967 PUBSUB: Send Post   L<None> T<meshtastic.log.line>
2026-01-12T11:12:24.689967 PUBSUB: Send Pre    L<None> T<meshtastic.log.line>
2026-01-12T11:12:24.689967 PUBSUB: Send Post   L<None> T<meshtastic.log.line>
2026-01-12T11:12:24.726415 PUBSUB: Send Pre    L<None> T<meshtastic.log.line>
2026-01-12T11:12:24.726415 PUBSUB: Send Post   L<None> T<meshtastic.log.line>
2026-01-12T11:12:24.731922 PUBSUB: Send Pre    L<None> T<meshtastic.log.line>
2026-01-12T11:12:24.731922 PUBSUB: Send Post   L<None> T<meshtastic.log.line>
2026-01-12T11:12:24.737922 PUBSUB: Send Pre    L<None> T<meshtastic.log.line>
2026-01-12T11:12:24.737922 PUBSUB: Send Post   L<None> T<meshtastic.log.line>
2026-01-12T11:12:24.742923 PUBSUB: Send Pre    L<None> T<meshtastic.log.line>
2026-01-12T11:12:24.742923 PUBSUB: Send Post   L<None> T<meshtastic.log.line>
2026-01-12T11:12:24.749250 PUBSUB: Send Pre    L<None> T<meshtastic.log.line>
2026-01-12T11:12:24.749767 PUBSUB: Send Post   L<None> T<meshtastic.log.line>
2026-01-12T11:12:24.755294 PUBSUB: Send Pre    L<None> T<meshtastic.log.line>
2026-01-12T11:12:24.755294 PUBSUB: Send Post   L<None> T<meshtastic.log.line>
2026-01-12T11:12:24.761294 PUBSUB: Send Pre    L<None> T<meshtastic.log.line>
2026-01-12T11:12:24.761294 PUBSUB: Send Post   L<None> T<meshtastic.log.line>
2026-01-12T11:12:24.769294 PUBSUB: Send Pre    L<None> T<meshtastic.log.line>
2026-01-12T11:12:24.769294 PUBSUB: Send Post   L<None> T<meshtastic.log.line>
2026-01-12T11:12:24.776294 PUBSUB: Send Pre    L<None> T<meshtastic.log.line>
2026-01-12T11:12:24.776294 PUBSUB: Send Post   L<None> T<meshtastic.log.line>
2026-01-12T11:12:24.785294 PUBSUB: Send Pre    L<None> T<meshtastic.log.line>
2026-01-12T11:12:24.785294 PUBSUB: Send Post   L<None> T<meshtastic.log.line>
2026-01-12T11:12:24.792294 PUBSUB: Send Pre    L<None> T<meshtastic.log.line>
2026-01-12T11:12:24.792294 PUBSUB: Send Post   L<None> T<meshtastic.log.line>
2026-01-12T11:12:24.797297 PUBSUB: Send Pre    L<None> T<meshtastic.log.line>
2026-01-12T11:12:24.797297 PUBSUB: Send Post   L<None> T<meshtastic.log.line>
2026-01-12T11:12:24.804107 PUBSUB: Send Pre    L<None> T<meshtastic.log.line>
2026-01-12T11:12:24.804107 PUBSUB: Send Post   L<None> T<meshtastic.log.line>
2026-01-12T11:12:24.810615 PUBSUB: Send Pre    L<None> T<meshtastic.log.line>
2026-01-12T11:12:24.811616 PUBSUB: Send Post   L<None> T<meshtastic.log.line>
2026-01-12T11:12:24.816615 PUBSUB: Send Pre    L<None> T<meshtastic.log.line>
2026-01-12T11:12:24.816615 PUBSUB: Send Post   L<None> T<meshtastic.log.line>
2026-01-12T11:12:24.823615 PUBSUB: Send Pre    L<None> T<meshtastic.log.line>
2026-01-12T11:12:24.823615 PUBSUB: Send Post   L<None> T<meshtastic.log.line>
2026-01-12T11:12:24.829615 PUBSUB: Send Pre    L<None> T<meshtastic.log.line>
2026-01-12T11:12:24.829615 PUBSUB: Send Post   L<None> T<meshtastic.log.line>
2026-01-12T11:12:24.833615 PUBSUB: Send Pre    L<None> T<meshtastic.log.line>
2026-01-12T11:12:24.834615 PUBSUB: Send Post   L<None> T<meshtastic.log.line>
2026-01-12T11:12:24.842614 PUBSUB: Send Pre    L<None> T<meshtastic.log.line>
2026-01-12T11:12:24.842614 PUBSUB: Send Post   L<None> T<meshtastic.log.line>
2026-01-12T11:12:24.885615 PUBSUB: Send Pre    L<None> T<meshtastic.log.line>
2026-01-12T11:12:24.885615 PUBSUB: Send Post   L<None> T<meshtastic.log.line>
2026-01-12T11:12:24.891618 PUBSUB: Send Pre    L<None> T<meshtastic.log.line>
2026-01-12T11:12:24.891618 PUBSUB: Send Post   L<None> T<meshtastic.log.line>
2026-01-12T11:12:24.897618 PUBSUB: Send Pre    L<None> T<meshtastic.log.line>
2026-01-12T11:12:24.898618 PUBSUB: Send Post   L<None> T<meshtastic.log.line>
2026-01-12T11:12:24.903618 PUBSUB: Send Pre    L<None> T<meshtastic.log.line>
2026-01-12T11:12:24.903618 PUBSUB: Send Post   L<None> T<meshtastic.log.line>
2026-01-12T11:12:24.907743 PUBSUB: Send Pre    L<None> T<meshtastic.log.line>
2026-01-12T11:12:24.907743 PUBSUB: Send Post   L<None> T<meshtastic.log.line>
2026-01-12T11:12:24.915252 PUBSUB: Send Pre    L<None> T<meshtastic.log.line>
2026-01-12T11:12:24.915252 PUBSUB: Send Post   L<None> T<meshtastic.log.line>
2026-01-12T11:12:24.920252 PUBSUB: Send Pre    L<None> T<meshtastic.log.line>
2026-01-12T11:12:24.920252 PUBSUB: Send Post   L<None> T<meshtastic.log.line>
2026-01-12T11:12:24.926252 PUBSUB: Send Pre    L<None> T<meshtastic.log.line>
2026-01-12T11:12:24.926252 PUBSUB: Send Post   L<None> T<meshtastic.log.line>
2026-01-12T11:12:24.933252 PUBSUB: Send Pre    L<None> T<meshtastic.log.line>
2026-01-12T11:12:24.933252 PUBSUB: Send Post   L<None> T<meshtastic.log.line>
2026-01-12T11:12:24.940252 PUBSUB: Send Pre    L<None> T<meshtastic.log.line>
2026-01-12T11:12:24.940252 PUBSUB: Send Post   L<None> T<meshtastic.log.line>
2026-01-12T11:12:25.065270 PUBSUB: Send Pre    L<None> T<meshtastic.log.line>
2026-01-12T11:12:25.065270 PUBSUB: Send Post   L<None> T<meshtastic.log.line>
2026-01-12T11:12:25.073270 PUBSUB: Send Pre    L<None> T<meshtastic.log.line>
2026-01-12T11:12:25.073270 PUBSUB: Send Post   L<None> T<meshtastic.log.line>
2026-01-12T11:12:25.080270 PUBSUB: Send Pre    L<None> T<meshtastic.log.line>
2026-01-12T11:12:25.080270 PUBSUB: Send Post   L<None> T<meshtastic.log.line>
2026-01-12T11:12:25.084270 PUBSUB: Send Pre    L<None> T<meshtastic.my_info_publish>
2026-01-12T11:12:25.084270 PUBSUB: Send In     L<GetConfigCommand.onReceiveData> T<meshtastic.my_info_publish>
2026-01-12T11:12:25.084270 PUBSUB: Send Post   L<None> T<meshtastic.my_info_publish>
2026-01-12T11:12:25.091274 PUBSUB: Send Pre    L<None> T<meshtastic.log.line>
2026-01-12T11:12:25.091274 PUBSUB: Send Post   L<None> T<meshtastic.log.line>
2026-01-12T11:12:25.099273 PUBSUB: Send Pre    L<None> T<meshtastic.log.line>
2026-01-12T11:12:25.099273 PUBSUB: Send Post   L<None> T<meshtastic.log.line>
2026-01-12T11:12:25.109781 PUBSUB: Send Pre    L<None> T<meshtastic.nodeinfo_publish>
2026-01-12T11:12:25.109781 PUBSUB: Send In     L<GetConfigCommand.onReceiveData> T<meshtastic.nodeinfo_publish>
2026-01-12T11:12:25.109781 PUBSUB: Send Post   L<None> T<meshtastic.nodeinfo_publish>
2026-01-12T11:12:25.116289 PUBSUB: Send Pre    L<None> T<meshtastic.log.line>
2026-01-12T11:12:25.116289 PUBSUB: Send Post   L<None> T<meshtastic.log.line>
2026-01-12T11:12:25.119292 PUBSUB: Send Pre    L<None> T<meshtastic.metadata_publish>
2026-01-12T11:12:25.119292 PUBSUB: Send In     L<GetConfigCommand.onReceiveData> T<meshtastic.metadata_publish>
2026-01-12T11:12:25.119292 PUBSUB: Send Post   L<None> T<meshtastic.metadata_publish>
2026-01-12T11:12:25.121292 PUBSUB: Send Pre    L<None> T<meshtastic.channel_publish>
2026-01-12T11:12:25.121292 PUBSUB: Send In     L<GetConfigCommand.onReceiveData> T<meshtastic.channel_publish>
2026-01-12T11:12:25.121292 PUBSUB: Send Post   L<None> T<meshtastic.channel_publish>
2026-01-12T11:12:25.126293 PUBSUB: Send Pre    L<None> T<meshtastic.channel_publish>
2026-01-12T11:12:25.126293 PUBSUB: Send In     L<GetConfigCommand.onReceiveData> T<meshtastic.channel_publish>
2026-01-12T11:12:25.126293 PUBSUB: Send Post   L<None> T<meshtastic.channel_publish>
2026-01-12T11:12:25.127292 PUBSUB: Send Pre    L<None> T<meshtastic.channel_publish>
2026-01-12T11:12:25.127292 PUBSUB: Send In     L<GetConfigCommand.onReceiveData> T<meshtastic.channel_publish>
2026-01-12T11:12:25.127292 PUBSUB: Send Post   L<None> T<meshtastic.channel_publish>
2026-01-12T11:12:25.128292 PUBSUB: Send Pre    L<None> T<meshtastic.channel_publish>
2026-01-12T11:12:25.128292 PUBSUB: Send In     L<GetConfigCommand.onReceiveData> T<meshtastic.channel_publish>
2026-01-12T11:12:25.128292 PUBSUB: Send Post   L<None> T<meshtastic.channel_publish>
2026-01-12T11:12:25.129292 PUBSUB: Send Pre    L<None> T<meshtastic.channel_publish>
2026-01-12T11:12:25.129292 PUBSUB: Send In     L<GetConfigCommand.onReceiveData> T<meshtastic.channel_publish>
2026-01-12T11:12:25.129292 PUBSUB: Send Post   L<None> T<meshtastic.channel_publish>
2026-01-12T11:12:25.130292 PUBSUB: Send Pre    L<None> T<meshtastic.channel_publish>
2026-01-12T11:12:25.130292 PUBSUB: Send In     L<GetConfigCommand.onReceiveData> T<meshtastic.channel_publish>
2026-01-12T11:12:25.130292 PUBSUB: Send Post   L<None> T<meshtastic.channel_publish>
2026-01-12T11:12:25.131292 PUBSUB: Send Pre    L<None> T<meshtastic.channel_publish>
2026-01-12T11:12:25.131292 PUBSUB: Send In     L<GetConfigCommand.onReceiveData> T<meshtastic.channel_publish>
2026-01-12T11:12:25.131292 PUBSUB: Send Post   L<None> T<meshtastic.channel_publish>
2026-01-12T11:12:25.137370 PUBSUB: Send Pre    L<None> T<meshtastic.log.line>
2026-01-12T11:12:25.137370 PUBSUB: Send Post   L<None> T<meshtastic.log.line>
2026-01-12T11:12:25.138370 PUBSUB: Send Pre    L<None> T<meshtastic.channel_publish>
2026-01-12T11:12:25.138370 PUBSUB: Send In     L<GetConfigCommand.onReceiveData> T<meshtastic.channel_publish>
2026-01-12T11:12:25.138370 PUBSUB: Send Post   L<None> T<meshtastic.channel_publish>
2026-01-12T11:12:25.144370 PUBSUB: Send Pre    L<None> T<meshtastic.log.line>
2026-01-12T11:12:25.144370 PUBSUB: Send Post   L<None> T<meshtastic.log.line>
2026-01-12T11:12:25.148370 PUBSUB: Send Pre    L<None> T<meshtastic.config_publish>
2026-01-12T11:12:25.148370 PUBSUB: Send In     L<GetConfigCommand.onReceiveData> T<meshtastic.config_publish>
2026-01-12T11:12:25.148370 PUBSUB: Send Post   L<None> T<meshtastic.config_publish>
2026-01-12T11:12:25.154370 PUBSUB: Send Pre    L<None> T<meshtastic.log.line>
2026-01-12T11:12:25.154370 PUBSUB: Send Post   L<None> T<meshtastic.log.line>
2026-01-12T11:12:25.157370 PUBSUB: Send Pre    L<None> T<meshtastic.config_publish>
2026-01-12T11:12:25.157370 PUBSUB: Send In     L<GetConfigCommand.onReceiveData> T<meshtastic.config_publish>
2026-01-12T11:12:25.157370 PUBSUB: Send Post   L<None> T<meshtastic.config_publish>
2026-01-12T11:12:25.163371 PUBSUB: Send Pre    L<None> T<meshtastic.log.line>
2026-01-12T11:12:25.163371 PUBSUB: Send Post   L<None> T<meshtastic.log.line>
2026-01-12T11:12:25.165370 PUBSUB: Send Pre    L<None> T<meshtastic.config_publish>
2026-01-12T11:12:25.165370 PUBSUB: Send In     L<GetConfigCommand.onReceiveData> T<meshtastic.config_publish>
2026-01-12T11:12:25.165370 PUBSUB: Send Post   L<None> T<meshtastic.config_publish>
2026-01-12T11:12:25.171370 PUBSUB: Send Pre    L<None> T<meshtastic.log.line>
2026-01-12T11:12:25.171370 PUBSUB: Send Post   L<None> T<meshtastic.log.line>
2026-01-12T11:12:25.177370 PUBSUB: Send Pre    L<None> T<meshtastic.config_publish>
2026-01-12T11:12:25.177370 PUBSUB: Send In     L<GetConfigCommand.onReceiveData> T<meshtastic.config_publish>
2026-01-12T11:12:25.177370 PUBSUB: Send Post   L<None> T<meshtastic.config_publish>
2026-01-12T11:12:25.184370 PUBSUB: Send Pre    L<None> T<meshtastic.log.line>
2026-01-12T11:12:25.184370 PUBSUB: Send Post   L<None> T<meshtastic.log.line>
2026-01-12T11:12:25.185370 PUBSUB: Send Pre    L<None> T<meshtastic.config_publish>
2026-01-12T11:12:25.185370 PUBSUB: Send In     L<GetConfigCommand.onReceiveData> T<meshtastic.config_publish>
2026-01-12T11:12:25.185370 PUBSUB: Send Post   L<None> T<meshtastic.config_publish>
2026-01-12T11:12:25.191370 PUBSUB: Send Pre    L<None> T<meshtastic.log.line>
2026-01-12T11:12:25.191370 PUBSUB: Send Post   L<None> T<meshtastic.log.line>
2026-01-12T11:12:25.194373 PUBSUB: Send Pre    L<None> T<meshtastic.config_publish>
2026-01-12T11:12:25.194373 PUBSUB: Send In     L<GetConfigCommand.onReceiveData> T<meshtastic.config_publish>
2026-01-12T11:12:25.194373 PUBSUB: Send Post   L<None> T<meshtastic.config_publish>
2026-01-12T11:12:25.200373 PUBSUB: Send Pre    L<None> T<meshtastic.log.line>
2026-01-12T11:12:25.200373 PUBSUB: Send Post   L<None> T<meshtastic.log.line>
2026-01-12T11:12:25.202373 PUBSUB: Send Pre    L<None> T<meshtastic.config_publish>
2026-01-12T11:12:25.202373 PUBSUB: Send In     L<GetConfigCommand.onReceiveData> T<meshtastic.config_publish>
2026-01-12T11:12:25.202373 PUBSUB: Send Post   L<None> T<meshtastic.config_publish>
2026-01-12T11:12:25.207947 PUBSUB: Send Pre    L<None> T<meshtastic.log.line>
2026-01-12T11:12:25.207947 PUBSUB: Send Post   L<None> T<meshtastic.log.line>
2026-01-12T11:12:25.215455 PUBSUB: Send Pre    L<None> T<meshtastic.config_publish>
2026-01-12T11:12:25.215455 PUBSUB: Send In     L<GetConfigCommand.onReceiveData> T<meshtastic.config_publish>
2026-01-12T11:12:25.215455 PUBSUB: Send Post   L<None> T<meshtastic.config_publish>
2026-01-12T11:12:25.222455 PUBSUB: Send Pre    L<None> T<meshtastic.log.line>
2026-01-12T11:12:25.222455 PUBSUB: Send Post   L<None> T<meshtastic.log.line>
2026-01-12T11:12:25.230455 PUBSUB: Send Pre    L<None> T<meshtastic.log.line>
2026-01-12T11:12:25.230455 PUBSUB: Send Post   L<None> T<meshtastic.log.line>
2026-01-12T11:12:25.236455 PUBSUB: Send Pre    L<None> T<meshtastic.config_publish>
2026-01-12T11:12:25.236455 PUBSUB: Send In     L<GetConfigCommand.onReceiveData> T<meshtastic.config_publish>
2026-01-12T11:12:25.236455 PUBSUB: Send Post   L<None> T<meshtastic.config_publish>
2026-01-12T11:12:25.243455 PUBSUB: Send Pre    L<None> T<meshtastic.log.line>
2026-01-12T11:12:25.243455 PUBSUB: Send Post   L<None> T<meshtastic.log.line>
2026-01-12T11:12:25.244455 PUBSUB: Send Pre    L<None> T<meshtastic.config_publish>
2026-01-12T11:12:25.244455 PUBSUB: Send In     L<GetConfigCommand.onReceiveData> T<meshtastic.config_publish>
2026-01-12T11:12:25.244455 PUBSUB: Send Post   L<None> T<meshtastic.config_publish>
2026-01-12T11:12:25.251456 PUBSUB: Send Pre    L<None> T<meshtastic.log.line>
2026-01-12T11:12:25.251456 PUBSUB: Send Post   L<None> T<meshtastic.log.line>
2026-01-12T11:12:25.253455 PUBSUB: Send Pre    L<None> T<meshtastic.config_publish>
2026-01-12T11:12:25.253455 PUBSUB: Send In     L<GetConfigCommand.onReceiveData> T<meshtastic.config_publish>
2026-01-12T11:12:25.253455 PUBSUB: Send Post   L<None> T<meshtastic.config_publish>
2026-01-12T11:12:25.260455 PUBSUB: Send Pre    L<None> T<meshtastic.log.line>
2026-01-12T11:12:25.260455 PUBSUB: Send Post   L<None> T<meshtastic.log.line>
2026-01-12T11:12:25.261455 PUBSUB: Send Pre    L<None> T<meshtastic.config_publish>
2026-01-12T11:12:25.261455 PUBSUB: Send In     L<GetConfigCommand.onReceiveData> T<meshtastic.config_publish>
2026-01-12T11:12:25.261455 PUBSUB: Send Post   L<None> T<meshtastic.config_publish>
2026-01-12T11:12:25.268454 PUBSUB: Send Pre    L<None> T<meshtastic.log.line>
2026-01-12T11:12:25.268454 PUBSUB: Send Post   L<None> T<meshtastic.log.line>
2026-01-12T11:12:25.269455 PUBSUB: Send Pre    L<None> T<meshtastic.config_publish>
2026-01-12T11:12:25.269455 PUBSUB: Send In     L<GetConfigCommand.onReceiveData> T<meshtastic.config_publish>
2026-01-12T11:12:25.269455 PUBSUB: Send Post   L<None> T<meshtastic.config_publish>
2026-01-12T11:12:25.276455 PUBSUB: Send Pre    L<None> T<meshtastic.log.line>
2026-01-12T11:12:25.276455 PUBSUB: Send Post   L<None> T<meshtastic.log.line>
2026-01-12T11:12:25.278455 PUBSUB: Send Pre    L<None> T<meshtastic.config_publish>
2026-01-12T11:12:25.278455 PUBSUB: Send In     L<GetConfigCommand.onReceiveData> T<meshtastic.config_publish>
2026-01-12T11:12:25.278455 PUBSUB: Send Post   L<None> T<meshtastic.config_publish>
2026-01-12T11:12:25.285455 PUBSUB: Send Pre    L<None> T<meshtastic.log.line>
2026-01-12T11:12:25.285455 PUBSUB: Send Post   L<None> T<meshtastic.log.line>
2026-01-12T11:12:25.285890 PUBSUB: Send Pre    L<None> T<meshtastic.config_publish>
2026-01-12T11:12:25.285890 PUBSUB: Send In     L<GetConfigCommand.onReceiveData> T<meshtastic.config_publish>
2026-01-12T11:12:25.285890 PUBSUB: Send Post   L<None> T<meshtastic.config_publish>
2026-01-12T11:12:25.292930 PUBSUB: Send Pre    L<None> T<meshtastic.log.line>
2026-01-12T11:12:25.292930 PUBSUB: Send Post   L<None> T<meshtastic.log.line>
2026-01-12T11:12:25.294439 PUBSUB: Send Pre    L<None> T<meshtastic.config_publish>
2026-01-12T11:12:25.294439 PUBSUB: Send In     L<GetConfigCommand.onReceiveData> T<meshtastic.config_publish>
2026-01-12T11:12:25.294439 PUBSUB: Send Post   L<None> T<meshtastic.config_publish>
2026-01-12T11:12:25.300946 PUBSUB: Send Pre    L<None> T<meshtastic.log.line>
2026-01-12T11:12:25.300946 PUBSUB: Send Post   L<None> T<meshtastic.log.line>
2026-01-12T11:12:25.301946 PUBSUB: Send Pre    L<None> T<meshtastic.config_publish>
2026-01-12T11:12:25.301946 PUBSUB: Send In     L<GetConfigCommand.onReceiveData> T<meshtastic.config_publish>
2026-01-12T11:12:25.301946 PUBSUB: Send Post   L<None> T<meshtastic.config_publish>
2026-01-12T11:12:25.309957 PUBSUB: Send Pre    L<None> T<meshtastic.log.line>
2026-01-12T11:12:25.309957 PUBSUB: Send Post   L<None> T<meshtastic.log.line>
2026-01-12T11:12:25.310961 PUBSUB: Send Pre    L<None> T<meshtastic.config_publish>
2026-01-12T11:12:25.310961 PUBSUB: Send In     L<GetConfigCommand.onReceiveData> T<meshtastic.config_publish>
2026-01-12T11:12:25.310961 PUBSUB: Send Post   L<None> T<meshtastic.config_publish>
2026-01-12T11:12:25.317961 PUBSUB: Send Pre    L<None> T<meshtastic.log.line>
2026-01-12T11:12:25.317961 PUBSUB: Send Post   L<None> T<meshtastic.log.line>
2026-01-12T11:12:25.319961 PUBSUB: Send Pre    L<None> T<meshtastic.config_publish>
2026-01-12T11:12:25.319961 PUBSUB: Send In     L<GetConfigCommand.onReceiveData> T<meshtastic.config_publish>
2026-01-12T11:12:25.319961 PUBSUB: Send Post   L<None> T<meshtastic.config_publish>
2026-01-12T11:12:25.327961 PUBSUB: Send Pre    L<None> T<meshtastic.log.line>
2026-01-12T11:12:25.327961 PUBSUB: Send Post   L<None> T<meshtastic.log.line>
2026-01-12T11:12:25.328961 PUBSUB: Send Pre    L<None> T<meshtastic.config_publish>
2026-01-12T11:12:25.328961 PUBSUB: Send In     L<GetConfigCommand.onReceiveData> T<meshtastic.config_publish>
2026-01-12T11:12:25.328961 PUBSUB: Send Post   L<None> T<meshtastic.config_publish>
2026-01-12T11:12:25.335961 PUBSUB: Send Pre    L<None> T<meshtastic.log.line>
2026-01-12T11:12:25.335961 PUBSUB: Send Post   L<None> T<meshtastic.log.line>
2026-01-12T11:12:25.336960 PUBSUB: Send Pre    L<None> T<meshtastic.config_publish>
2026-01-12T11:12:25.336960 PUBSUB: Send In     L<GetConfigCommand.onReceiveData> T<meshtastic.config_publish>
2026-01-12T11:12:25.336960 PUBSUB: Send Post   L<None> T<meshtastic.config_publish>
2026-01-12T11:12:25.345961 PUBSUB: Send Pre    L<None> T<meshtastic.nodeinfo_publish>
2026-01-12T11:12:25.345961 PUBSUB: Send In     L<GetConfigCommand.onReceiveData> T<meshtastic.nodeinfo_publish>
2026-01-12T11:12:25.345961 PUBSUB: Send Post   L<None> T<meshtastic.nodeinfo_publish>
2026-01-12T11:12:25.356961 PUBSUB: Send Pre    L<None> T<meshtastic.nodeinfo_publish>
2026-01-12T11:12:25.356961 PUBSUB: Send In     L<GetConfigCommand.onReceiveData> T<meshtastic.nodeinfo_publish>
2026-01-12T11:12:25.356961 PUBSUB: Send Post   L<None> T<meshtastic.nodeinfo_publish>
2026-01-12T11:12:25.368961 PUBSUB: Send Pre    L<None> T<meshtastic.nodeinfo_publish>
2026-01-12T11:12:25.368961 PUBSUB: Send In     L<GetConfigCommand.onReceiveData> T<meshtastic.nodeinfo_publish>
2026-01-12T11:12:25.368961 PUBSUB: Send Post   L<None> T<meshtastic.nodeinfo_publish>
2026-01-12T11:12:25.375962 PUBSUB: Send Pre    L<None> T<meshtastic.nodeinfo_publish>
2026-01-12T11:12:25.375962 PUBSUB: Send In     L<GetConfigCommand.onReceiveData> T<meshtastic.nodeinfo_publish>
2026-01-12T11:12:25.375962 PUBSUB: Send Post   L<None> T<meshtastic.nodeinfo_publish>
2026-01-12T11:12:25.383961 PUBSUB: Send Pre    L<None> T<meshtastic.log.line>
2026-01-12T11:12:25.383961 PUBSUB: Send Post   L<None> T<meshtastic.log.line>
2026-01-12T11:12:25.391963 PUBSUB: Send Pre    L<None> T<meshtastic.log.line>
2026-01-12T11:12:25.391963 PUBSUB: Send Post   L<None> T<meshtastic.log.line>
2026-01-12T11:12:25.399966 PUBSUB: Send Pre    L<None> T<meshtastic.log.line>
2026-01-12T11:12:25.399966 PUBSUB: Send Post   L<None> T<meshtastic.log.line>
2026-01-12T11:12:25.410984 PUBSUB: Send Pre    L<None> T<meshtastic.log.line>
2026-01-12T11:12:25.410984 PUBSUB: Send Post   L<None> T<meshtastic.log.line>
2026-01-12T11:12:25.418983 PUBSUB: Send Pre    L<None> T<meshtastic.log.line>
2026-01-12T11:12:25.418983 PUBSUB: Send Post   L<None> T<meshtastic.log.line>
2026-01-12T11:12:25.428983 PUBSUB: Send Pre    L<None> T<meshtastic.log.line>
2026-01-12T11:12:25.428983 PUBSUB: Send Post   L<None> T<meshtastic.log.line>
2026-01-12T11:12:25.436983 PUBSUB: Send Pre    L<None> T<meshtastic.log.line>
2026-01-12T11:12:25.436983 PUBSUB: Send Post   L<None> T<meshtastic.log.line>
2026-01-12T11:12:25.446983 PUBSUB: Send Pre    L<None> T<meshtastic.log.line>
2026-01-12T11:12:25.446983 PUBSUB: Send Post   L<None> T<meshtastic.log.line>
2026-01-12T11:12:25.454983 PUBSUB: Send Pre    L<None> T<meshtastic.log.line>
2026-01-12T11:12:25.454983 PUBSUB: Send Post   L<None> T<meshtastic.log.line>
2026-01-12T11:12:25.464987 PUBSUB: Send Pre    L<None> T<meshtastic.log.line>
2026-01-12T11:12:25.464987 PUBSUB: Send Post   L<None> T<meshtastic.log.line>
2026-01-12T11:12:25.472987 PUBSUB: Send Pre    L<None> T<meshtastic.log.line>
2026-01-12T11:12:25.472987 PUBSUB: Send Post   L<None> T<meshtastic.log.line>
2026-01-12T11:12:25.483494 PUBSUB: Send Pre    L<None> T<meshtastic.log.line>
2026-01-12T11:12:25.483494 PUBSUB: Send Post   L<None> T<meshtastic.log.line>
2026-01-12T11:12:25.491082 PUBSUB: Send Pre    L<None> T<meshtastic.log.line>
2026-01-12T11:12:25.491082 PUBSUB: Send Post   L<None> T<meshtastic.log.line>
2026-01-12T11:12:25.501085 PUBSUB: Send Pre    L<None> T<meshtastic.log.line>
2026-01-12T11:12:25.501085 PUBSUB: Send Post   L<None> T<meshtastic.log.line>
2026-01-12T11:12:25.508590 PUBSUB: Send Pre    L<None> T<meshtastic.log.line>
2026-01-12T11:12:25.508590 PUBSUB: Send Post   L<None> T<meshtastic.log.line>
2026-01-12T11:12:25.508590 PUBSUB: Send Pre    L<None> T<meshtastic.stcomm_finish>
2026-01-12T11:12:25.508590 PUBSUB: Send In     L<GetConfigCommand.onGetConfigFinished> T<meshtastic.stcomm_finish>
2026-01-12T11:12:25.508590 PUBSUB: Send Post   L<None> T<meshtastic.stcomm_finish>
2026-01-12T11:12:25.510093 PUBSUB: Unsubscribe L<GetConfigCommand.onReceiveData> T<meshtastic.stcomm_receive>
2026-01-12T11:12:25.510093 PUBSUB: Unsubscribe L<GetConfigCommand.onReceiveData> T<meshtastic.my_info_publish>
2026-01-12T11:12:25.510093 PUBSUB: Unsubscribe L<GetConfigCommand.onReceiveData> T<meshtastic.metadata_publish>
2026-01-12T11:12:25.510093 PUBSUB: Unsubscribe L<GetConfigCommand.onReceiveData> T<meshtastic.channel_publish>
2026-01-12T11:12:25.510093 PUBSUB: Unsubscribe L<GetConfigCommand.onReceiveData> T<meshtastic.config_publish>
2026-01-12T11:12:25.510093 PUBSUB: Unsubscribe L<GetConfigCommand.onReceiveData> T<meshtastic.nodeinfo_publish>
2026-01-12T11:12:25.510093 PUBSUB: Send Pre    L<None> T<meshtastic.mi_connected>
2026-01-12T11:12:25.510093 PUBSUB: Send In     L<MeshInterface.onConnected> T<meshtastic.mi_connected>
2026-01-12T11:12:25.510093 PUBSUB: Send Pre    L<None> T<meshtastic.mi_status_publish>
2026-01-12T11:12:25.511097 PUBSUB: Send In     L<CommandExecutor.onStatusReceive> T<meshtastic.mi_status_publish>
2026-01-12T11:12:25.511097 PUBSUB: Send Post   L<None> T<meshtastic.mi_status_publish>
2026-01-12T11:12:25.511097 PUBSUB: Create T<meshtastic.connection>
2026-01-12T11:12:25.511097 PUBSUB: Create T<meshtastic.connection.established>
2026-01-12T11:12:25.511097 PUBSUB: Send Pre    L<None> T<meshtastic.connection.established>
2026-01-12T11:12:25.511097 PUBSUB: Send Post   L<None> T<meshtastic.connection.established>
2026-01-12T11:12:25.511097 PUBSUB: Send Post   L<None> T<meshtastic.mi_connected>
2026-01-12T11:12:25.511097 PUBSUB: Dead Listn  L<GetConfigCommand.onGetConfigFinished> T<meshtastic.stcomm_finish>
2026-01-12T11:12:25.518098 PUBSUB: Send Pre    L<None> T<meshtastic.log.line>
2026-01-12T11:12:25.518098 PUBSUB: Send Post   L<None> T<meshtastic.log.line>
2026-01-12T11:12:25.522097 PUBSUB: Send Pre    L<None> T<meshtastic.mi_disconnect>
2026-01-12T11:12:25.522097 PUBSUB: Send In     L<MeshInterface.onDisconnect> T<meshtastic.mi_disconnect>
2026-01-12T11:12:25.733247 PUBSUB: Send Pre    L<None> T<meshtastic.mi_status_publish>
2026-01-12T11:12:25.733247 PUBSUB: Send In     L<CommandExecutor.onStatusReceive> T<meshtastic.mi_status_publish>
2026-01-12T11:12:25.733247 PUBSUB: Send Post   L<None> T<meshtastic.mi_status_publish>
2026-01-12T11:12:25.733247 PUBSUB: Create T<meshtastic.connection.lost>
2026-01-12T11:12:25.733247 PUBSUB: Send Pre    L<None> T<meshtastic.connection.lost>
2026-01-12T11:12:25.733247 PUBSUB: Send Post   L<None> T<meshtastic.connection.lost>
2026-01-12T11:12:25.733247 PUBSUB: Send Post   L<None> T<meshtastic.mi_disconnect>
2026-01-12T11:12:25.733247 PUBSUB: Unsubscribe L<CommandExecutor.onStatusReceive> T<meshtastic.mi_status_publish>
2026-01-12T11:12:25.733247 PUBSUB: Unsubscribe L<StartConfigHandler.onMessageStart> T<meshtastic.stcomm_start>
